EFI: mem83: type=7, attr=0xf, range=[0x000000006ee90000-0x000000006ee95000) (0MB)
[    0.000000] EFI: mem84: type=4, attr=0xf, range=[0x000000006ee95000-0x000000006ee9b000) (0MB)
[    0.000000] EFI: mem85: type=7, attr=0xf, range=[0x000000006ee9b000-0x000000006eea0000) (0MB)
[    0.000000] EFI: mem86: type=4, attr=0xf, range=[0x000000006eea0000-0x000000006eea2000) (0MB)
[    0.000000] EFI: mem87: type=7, attr=0xf, range=[0x000000006eea2000-0x000000006eea7000) (0MB)
[    0.000000] EFI: mem88: type=4, attr=0xf, range=[0x000000006eea7000-0x000000006eea8000) (0MB)
[    0.000000] EFI: mem89: type=7, attr=0xf, range=[0x000000006eea8000-0x000000006eeac000) (0MB)
[    0.000000] EFI: mem90: type=4, attr=0xf, range=[0x000000006eeac000-0x000000006eed6000) (0MB)
[    0.000000] EFI: mem91: type=7, attr=0xf, range=[0x000000006eed6000-0x000000006eeda000) (0MB)
[    0.000000] EFI: mem92: type=4, attr=0xf, range=[0x000000006eeda000-0x000000006ef05000) (0MB)
[    0.000000] EFI: mem93: type=7, attr=0xf, range=[0x000000006ef05000-0x000000006ef2c000) (0MB)
[    0.000000] EFI: mem94: type=4, attr=0xf, range=[0x000000006ef2c000-0x000000006ef66000) (0MB)
[    0.000000] EFI: mem95: type=7, attr=0xf, range=[0x000000006ef66000-0x000000006ef6c000) (0MB)
[    0.000000] EFI: mem96: type=4, attr=0xf, range=[0x000000006ef6c000-0x000000006efc7000) (0MB)
[    0.000000] EFI: mem97: type=7, attr=0xf, range=[0x000000006efc7000-0x000000006efd5000) (0MB)
[    0.000000] EFI: mem98: type=4, attr=0xf, range=[0x000000006efd5000-0x000000006f014000) (0MB)
[    0.000000] EFI: mem99: type=7, attr=0xf, range=[0x000000006f014000-0x000000006f04a000) (0MB)
[    0.000000] EFI: mem100: type=4, attr=0xf, range=[0x000000006f04a000-0x000000006f2eb000) (2MB)
[    0.000000] EFI: mem101: type=7, attr=0xf, range=[0x000000006f2eb000-0x000000006f2ef000) (0MB)
[    0.000000] EFI: mem102: type=4, attr=0xf, range=[0x000000006f2ef000-0x000000006f2f4000) (0MB)
[    0.000000] EFI: mem103: type=7, attr=0xf, range=[0x000000006f2f4000-0x000000006f306000) (0MB)
[    0.000000] EFI: mem104: type=4, attr=0xf, range=[0x000000006f306000-0x000000006f308000) (0MB)
[    0.000000] EFI: mem105: type=7, attr=0xf, range=[0x000000006f308000-0x000000006f30c000) (0MB)
[    0.000000] EFI: mem106: type=4, attr=0xf, range=[0x000000006f30c000-0x000000006f30d000) (0MB)
[    0.000000] EFI: mem107: type=7, attr=0xf, range=[0x000000006f30d000-0x000000006f311000) (0MB)
[    0.000000] EFI: mem108: type=4, attr=0xf, range=[0x000000006f311000-0x000000006f3c9000) (0MB)
[    0.000000] EFI: mem109: type=7, attr=0xf, range=[0x000000006f3c9000-0x000000006f3df000) (0MB)
[    0.000000] EFI: mem110: type=4, attr=0xf, range=[0x000000006f3df000-0x000000006f53a000) (1MB)
[    0.000000] EFI: mem111: type=7, attr=0xf, range=[0x000000006f53a000-0x000000006f53f000) (0MB)
[    0.000000] EFI: mem112: type=4, attr=0xf, range=[0x000000006f53f000-0x000000006f543000) (0MB)
[    0.000000] EFI: mem113: type=7, attr=0xf, range=[0x000000006f543000-0x000000006f548000) (0MB)
[    0.000000] EFI: mem114: type=4, attr=0xf, range=[0x000000006f548000-0x000000006f586000) (0MB)
[    0.000000] EFI: mem115: type=7, attr=0xf, range=[0x000000006f586000-0x000000006f58b000) (0MB)
[    0.000000] EFI: mem116: type=4, attr=0xf, range=[0x000000006f58b000-0x000000006f5a4000) (0MB)
[    0.000000] EFI: mem117: type=7, attr=0xf, range=[0x000000006f5a4000-0x000000006f5b3000) (0MB)
[    0.000000] EFI: mem118: type=4, attr=0xf, range=[0x000000006f5b3000-0x000000006f5b8000) (0MB)
[    0.000000] EFI: mem119: type=7, attr=0xf, range=[0x000000006f5b8000-0x000000006f5c2000) (0MB)
[    0.000000] EFI: mem120: type=4, attr=0xf, range=[0x000000006f5c2000-0x000000006f5c5000) (0MB)
[    0.000000] EFI: mem121: type=7, attr=0xf, range=[0x000000006f5c5000-0x000000006f5d4000) (0MB)
[    0.000000] EFI: mem122: type=4, attr=0xf, range=[0x000000006f5d4000-0x000000006f5f6000) (0MB)
[    0.000000] EFI: mem123: type=7, attr=0xf, range=[0x000000006f5f6000-0x000000006f5ff000) (0MB)
[    0.000000] EFI: mem124: type=4, attr=0xf, range=[0x000000006f5ff000-0x000000006f7a9000) (1MB)
[    0.000000] EFI: mem125: type=7, attr=0xf, range=[0x000000006f7a9000-0x000000006fc2a000) (4MB)
[    0.000000] EFI: mem126: type=4, attr=0xf, range=[0x000000006fc2a000-0x0000000070337000) (7MB)
[    0.000000] EFI: mem127: type=3, attr=0xf, range=[0x0000000070337000-0x0000000070580000) (2MB)
[    0.000000] EFI: mem128: type=4, attr=0xf, range=[0x0000000070580000-0x00000000707cb000) (2MB)
[    0.000000] EFI: mem129: type=3, attr=0xf, range=[0x00000000707cb000-0x000000007096e000) (1MB)
[    0.000000] EFI: mem130: type=4, attr=0xf, range=[0x000000007096e000-0x00000000709ab000) (0MB)
[    0.000000] EFI: mem131: type=3, attr=0xf, range=[0x00000000709ab000-0x00000000709b7000) (0MB)
[    0.000000] EFI: mem132: type=4, attr=0xf, range=[0x00000000709b7000-0x00000000709d1000) (0MB)
[    0.000000] EFI: mem133: type=3, attr=0xf, range=[0x00000000709d1000-0x00000000709db000) (0MB)
[    0.000000] EFI: mem134: type=4, attr=0xf, range=[0x00000000709db000-0x0000000070a6b000) (0MB)
[    0.000000] EFI: mem135: type=3, attr=0xf, range=[0x0000000070a6b000-0x0000000070a72000) (0MB)
[    0.000000] EFI: mem136: type=4, attr=0xf, range=[0x0000000070a72000-0x0000000070b32000) (0MB)
[    0.000000] EFI: mem137: type=3, attr=0xf, range=[0x0000000070b32000-0x0000000070b38000) (0MB)
[    0.000000] EFI: mem138: type=4, attr=0xf, range=[0x0000000070b38000-0x0000000070b43000) (0MB)
[    0.000000] EFI: mem139: type=3, attr=0xf, range=[0x0000000070b43000-0x0000000070b4c000) (0MB)
[    0.000000] EFI: mem140: type=4, attr=0xf, range=[0x0000000070b4c000-0x0000000070e1f000) (2MB)
[    0.000000] EFI: mem141: type=7, attr=0xf, range=[0x0000000070e1f000-0x0000000071fe9000) (17MB)
[    0.000000] EFI: mem142: type=1, attr=0xf, range=[0x0000000071fe9000-0x0000000072006000) (0MB)
[    0.000000] EFI: mem143: type=7, attr=0xf, range=[0x0000000072006000-0x000000007201b000) (0MB)
[    0.000000] EFI: mem144: type=2, attr=0xf, range=[0x000000007201b000-0x0000000072023000) (0MB)
[    0.000000] EFI: mem145: type=4, attr=0xf, range=[0x0000000072023000-0x0000000072518000) (4MB)
[    0.000000] EFI: mem146: type=3, attr=0xf, range=[0x0000000072518000-0x0000000072650000) (1MB)
[    0.000000] EFI: mem147: type=4, attr=0xf, range=[0x0000000072650000-0x0000000072654000) (0MB)
[    0.000000] EFI: mem148: type=3, attr=0xf, range=[0x0000000072654000-0x000000007266f000) (0MB)
[    0.000000] EFI: mem149: type=4, attr=0xf, range=[0x000000007266f000-0x00000000726a1000) (0MB)
[    0.000000] EFI: mem150: type=3, attr=0xf, range=[0x00000000726a1000-0x00000000726b1000) (0MB)
[    0.000000] EFI: mem151: type=4, attr=0xf, range=[0x00000000726b1000-0x0000000072854000) (1MB)
[    0.000000] EFI: mem152: type=3, attr=0xf, range=[0x0000000072854000-0x0000000072882000) (0MB)
[    0.000000] EFI: mem153: type=4, attr=0xf, range=[0x0000000072882000-0x00000000728bc000) (0MB)
[    0.000000] EFI: mem154: type=3, attr=0xf, range=[0x00000000728bc000-0x00000000728c1000) (0MB)
[    0.000000] EFI: mem155: type=4, attr=0xf, range=[0x00000000728c1000-0x00000000728cd000) (0MB)
[    0.000000] EFI: mem156: type=0, attr=0xf, range=[0x00000000728cd000-0x0000000072ece000) (6MB)
[    0.000000] EFI: mem157: type=3, attr=0xf, range=[0x0000000072ece000-0x0000000072f32000) (0MB)
[    0.000000] EFI: mem158: type=4, attr=0xf, range=[0x0000000072f32000-0x00000000730f5000) (1MB)
[    0.000000] EFI: mem159: type=3, attr=0xf, range=[0x00000000730f5000-0x00000000730fc000) (0MB)
[    0.000000] EFI: mem160: type=4, attr=0xf, range=[0x00000000730fc000-0x0000000073102000) (0MB)
[    0.000000] EFI: mem161: type=3, attr=0xf, range=[0x0000000073102000-0x0000000073109000) (0MB)
[    0.000000] EFI: mem162: type=4, attr=0xf, range=[0x0000000073109000-0x000000007310a000) (0MB)
[    0.000000] EFI: mem163: type=9, attr=0xf, range=[0x000000007310a000-0x00000000731d6000) (0MB)
[    0.000000] EFI: mem164: type=3, attr=0xf, range=[0x00000000731d6000-0x000000007322a000) (0MB)
[    0.000000] EFI: mem165: type=4, attr=0xf, range=[0x000000007322a000-0x0000000073232000) (0MB)
[    0.000000] EFI: mem166: type=3, attr=0xf, range=[0x0000000073232000-0x0000000073249000) (0MB)
[    0.000000] EFI: mem167: type=4, attr=0xf, range=[0x0000000073249000-0x0000000073253000) (0MB)
[    0.000000] EFI: mem168: type=3, attr=0xf, range=[0x0000000073253000-0x000000007325e000) (0MB)
[    0.000000] EFI: mem169: type=4, attr=0xf, range=[0x000000007325e000-0x0000000073264000) (0MB)
[    0.000000] EFI: mem170: type=3, attr=0xf, range=[0x0000000073264000-0x000000007326d000) (0MB)
[    0.000000] EFI: mem171: type=4, attr=0xf, range=[0x000000007326d000-0x00000000732a1000) (0MB)
[    0.000000] EFI: mem172: type=3, attr=0xf, range=[0x00000000732a1000-0x00000000732da000) (0MB)
[    0.000000] EFI: mem173: type=0, attr=0xf, range=[0x00000000732da000-0x000000007375a000) (4MB)
[    0.000000] EFI: mem174: type=4, attr=0xf, range=[0x000000007375a000-0x0000000073804000) (0MB)
[    0.000000] EFI: mem175: type=3, attr=0xf, range=[0x0000000073804000-0x000000007383e000) (0MB)
[    0.000000] EFI: mem176: type=4, attr=0xf, range=[0x000000007383e000-0x000000007384b000) (0MB)
[    0.000000] EFI: mem177: type=3, attr=0xf, range=[0x000000007384b000-0x0000000073a10000) (1MB)
[    0.000000] EFI: mem178: type=4, attr=0xf, range=[0x0000000073a10000-0x0000000073a17000) (0MB)
[    0.000000] EFI: mem179: type=3, attr=0xf, range=[0x0000000073a17000-0x0000000073a1d000) (0MB)
[    0.000000] EFI: mem180: type=4, attr=0xf, range=[0x0000000073a1d000-0x0000000073ab6000) (0MB)
[    0.000000] EFI: mem181: type=7, attr=0xf, range=[0x0000000073ab6000-0x0000000073aba000) (0MB)
[    0.000000] EFI: mem182: type=4, attr=0xf, range=[0x0000000073aba000-0x0000000073ada000) (0MB)
[    0.000000] EFI: mem183: type=3, attr=0xf, range=[0x0000000073ada000-0x0000000073ae3000) (0MB)
[    0.000000] EFI: mem184: type=4, attr=0xf, range=[0x0000000073ae3000-0x0000000073afb000) (0MB)
[    0.000000] EFI: mem185: type=3, attr=0xf, range=[0x0000000073afb000-0x0000000073bc0000) (0MB)
[    0.000000] EFI: mem186: type=4, attr=0xf, range=[0x0000000073bc0000-0x0000000073bc7000) (0MB)
[    0.000000] EFI: mem187: type=3, attr=0xf, range=[0x0000000073bc7000-0x0000000073bd1000) (0MB)
[    0.000000] EFI: mem188: type=4, attr=0xf, range=[0x0000000073bd1000-0x0000000073bd3000) (0MB)
[    0.000000] EFI: mem189: type=3, attr=0xf, range=[0x0000000073bd3000-0x0000000073bf9000) (0MB)
[    0.000000] EFI: mem190: type=4, attr=0xf, range=[0x0000000073bf9000-0x0000000073bfa000) (0MB)
[    0.000000] EFI: mem191: type=3, attr=0xf, range=[0x0000000073bfa000-0x0000000073cb1000) (0MB)
[    0.000000] EFI: mem192: type=4, attr=0xf, range=[0x0000000073cb1000-0x0000000073cb9000) (0MB)
[    0.000000] EFI: mem193: type=3, attr=0xf, range=[0x0000000073cb9000-0x0000000073e33000) (1MB)
[    0.000000] EFI: mem194: type=4, attr=0xf, range=[0x0000000073e33000-0x0000000073e40000) (0MB)
[    0.000000] EFI: mem195: type=3, attr=0xf, range=[0x0000000073e40000-0x0000000073f6d000) (1MB)
[    0.000000] EFI: mem196: type=4, attr=0xf, range=[0x0000000073f6d000-0x0000000073f6f000) (0MB)
[    0.000000] EFI: mem197: type=3, attr=0xf, range=[0x0000000073f6f000-0x0000000073f7e000) (0MB)
[    0.000000] EFI: mem198: type=4, attr=0xf, range=[0x0000000073f7e000-0x0000000073f87000) (0MB)
[    0.000000] EFI: mem199: type=3, attr=0xf, range=[0x0000000073f87000-0x0000000073f8c000) (0MB)
[    0.000000] EFI: mem200: type=4, attr=0xf, range=[0x0000000073f8c000-0x0000000073f8e000) (0MB)
[    0.000000] EFI: mem201: type=3, attr=0xf, range=[0x0000000073f8e000-0x0000000073f98000) (0MB)
[    0.000000] EFI: mem202: type=4, attr=0xf, range=[0x0000000073f98000-0x0000000073fa0000) (0MB)
[    0.000000] EFI: mem203: type=3, attr=0xf, range=[0x0000000073fa0000-0x0000000073fb0000) (0MB)
[    0.000000] EFI: mem204: type=4, attr=0xf, range=[0x0000000073fb0000-0x0000000073fc1000) (0MB)
[    0.000000] EFI: mem205: type=3, attr=0xf, range=[0x0000000073fc1000-0x00000000740cf000) (1MB)
[    0.000000] EFI: mem206: type=4, attr=0xf, range=[0x00000000740cf000-0x00000000740dc000) (0MB)
[    0.000000] EFI: mem207: type=7, attr=0xf, range=[0x00000000740dc000-0x00000000740e2000) (0MB)
[    0.000000] EFI: mem208: type=4, attr=0xf, range=[0x00000000740e2000-0x00000000740e7000) (0MB)
[    0.000000] EFI: mem209: type=3, attr=0xf, range=[0x00000000740e7000-0x0000000074128000) (0MB)
[    0.000000] EFI: mem210: type=4, attr=0xf, range=[0x0000000074128000-0x0000000074145000) (0MB)
[    0.000000] EFI: mem211: type=3, attr=0xf, range=[0x0000000074145000-0x000000007414b000) (0MB)
[    0.000000] EFI: mem212: type=4, attr=0xf, range=[0x000000007414b000-0x000000007414f000) (0MB)
[    0.000000] EFI: mem213: type=3, attr=0xf, range=[0x000000007414f000-0x000000007427b000) (1MB)
[    0.000000] EFI: mem214: type=4, attr=0xf, range=[0x000000007427b000-0x0000000074281000) (0MB)
[    0.000000] EFI: mem215: type=3, attr=0xf, range=[0x0000000074281000-0x0000000074374000) (0MB)
[    0.000000] EFI: mem216: type=4, attr=0xf, range=[0x0000000074374000-0x0000000074688000) (3MB)
[    0.000000] EFI: mem217: type=3, attr=0xf, range=[0x0000000074688000-0x000000007468e000) (0MB)
[    0.000000] EFI: mem218: type=4, attr=0xf, range=[0x000000007468e000-0x0000000074721000) (0MB)
[    0.000000] EFI: mem219: type=3, attr=0xf, range=[0x0000000074721000-0x0000000074741000) (0MB)
[    0.000000] EFI: mem220: type=4, attr=0xf, range=[0x0000000074741000-0x0000000074d31000) (5MB)
[    0.000000] EFI: mem221: type=3, attr=0xf, range=[0x0000000074d31000-0x0000000074f9a000) (2MB)
[    0.000000] EFI: mem222: type=4, attr=0xf, range=[0x0000000074f9a000-0x000000007539a000) (4MB)
[    0.000000] EFI: mem223: type=3, attr=0xf, range=[0x000000007539a000-0x000000007541f000) (0MB)
[    0.000000] EFI: mem224: type=4, attr=0xf, range=[0x000000007541f000-0x0000000075525000) (1MB)
[    0.000000] EFI: mem225: type=3, attr=0xf, range=[0x0000000075525000-0x00000000755f4000) (0MB)
[    0.000000] EFI: mem226: type=4, attr=0xf, range=[0x00000000755f4000-0x00000000755fa000) (0MB)
[    0.000000] EFI: mem227: type=3, attr=0xf, range=[0x00000000755fa000-0x0000000075623000) (0MB)
[    0.000000] EFI: mem228: type=4, attr=0xf, range=[0x0000000075623000-0x0000000075692000) (0MB)
[    0.000000] EFI: mem229: type=3, attr=0xf, range=[0x0000000075692000-0x0000000075701000) (0MB)
[    0.000000] EFI: mem230: type=4, attr=0xf, range=[0x0000000075701000-0x00000000758b1000) (1MB)
[    0.000000] EFI: mem231: type=3, attr=0xf, range=[0x00000000758b1000-0x00000000758c0000) (0MB)
[    0.000000] EFI: mem232: type=4, attr=0xf, range=[0x00000000758c0000-0x000000007597f000) (0MB)
[    0.000000] EFI: mem233: type=3, attr=0xf, range=[0x000000007597f000-0x00000000759a4000) (0MB)
[    0.000000] EFI: mem234: type=4, attr=0xf, range=[0x00000000759a4000-0x00000000760ec000) (7MB)
[    0.000000] EFI: mem235: type=3, attr=0xf, range=[0x00000000760ec000-0x00000000760f1000) (0MB)
[    0.000000] EFI: mem236: type=4, attr=0xf, range=[0x00000000760f1000-0x000000007a8cf000) (71MB)
[    0.000000] EFI: mem237: type=6, attr=0x800000000000000f, range=[0x000000007a8cf000-0x000000007a9cf000) (1MB)
[    0.000000] EFI: mem238: type=5, attr=0x800000000000000f, range=[0x000000007a9cf000-0x000000007aacf000) (1MB)
[    0.000000] EFI: mem239: type=0, attr=0xf, range=[0x000000007aacf000-0x000000007abcf000) (1MB)
[    0.000000] EFI: mem240: type=10, attr=0xf, range=[0x000000007abcf000-0x000000007b5ff000) (10MB)
[    0.000000] EFI: mem241: type=9, attr=0xf, range=[0x000000007b5ff000-0x000000007b6bf000) (0MB)
[    0.000000] EFI: mem242: type=4, attr=0xf, range=[0x000000007b6bf000-0x000000007b6e9000) (0MB)
[    0.000000] EFI: mem243: type=9, attr=0xf, range=[0x000000007b6e9000-0x000000007b6ff000) (0MB)
[    0.000000] EFI: mem244: type=4, attr=0xf, range=[0x000000007b6ff000-0x000000007b700000) (0MB)
[    0.000000] EFI: mem245: type=7, attr=0xf, range=[0x0000000100000000-0x0000002080000000) (129024MB)
[    0.000000] EFI: mem246: type=11, attr=0x8000000000000000, range=[0x0000000080000000-0x0000000090000000) (256MB)
[    0.000000] EFI: mem247: type=11, attr=0x8000000000000000, range=[0x00000000feda8000-0x00000000fedac000) (0MB)
[    0.000000] EFI: mem248: type=11, attr=0x8000000000000000, range=[0x00000000ff310000-0x0000000100000000) (12MB)
[    0.000000] SMBIOS 2.8 present.
[    0.000000] DMI: Dell Inc. PowerEdge R730/0599V5, BIOS 1.0.4 08/28/2014
[    0.000000] e820 update range: 0000000000000000 - 0000000000010000 (usable) ==> (reserved)
[    0.000000] e820 remove range: 00000000000a0000 - 0000000000100000 (usable)
[    0.000000] No AGP bridge found
[    0.000000] last_pfn = 0x2080000 max_arch_pfn = 0x400000000
[    0.000000] MTRR default type: uncachable
[    0.000000] MTRR fixed ranges enabled:
[    0.000000]   00000-9FFFF write-back
[    0.000000]   A0000-BFFFF uncachable
[    0.000000]   C0000-FFFFF write-protect
[    0.000000] MTRR variable ranges enabled:
[    0.000000]   0 base 000000000000 mask 3FFF80000000 write-back
[    0.000000]   1 base 000100000000 mask 3FFF00000000 write-back
[    0.000000]   2 base 000200000000 mask 3FFE00000000 write-back
[    0.000000]   3 base 000400000000 mask 3FFC00000000 write-back
[    0.000000]   4 base 000800000000 mask 3FF800000000 write-back
[    0.000000]   5 base 001000000000 mask 3FF000000000 write-back
[    0.000000]   6 base 002000000000 mask 3FFF80000000 write-back
[    0.000000]   7 base 0000FF000000 mask 3FFFFF000000 write-protect
[    0.000000]   8 disabled
[    0.000000]   9 disabled
[    0.000000] x86 PAT enabled: cpu 0, old 0x7040600070406, new 0x7010600070106
[    0.000000] last_pfn = 0x7b700 max_arch_pfn = 0x400000000
[    0.000000] initial memory mapped : 0 - 20000000
[    0.000000] Base memory trampoline at [ffff88000009a000] 9a000 size 20480
[    0.000000] Using GB pages for direct mapping
[    0.000000] init_memory_mapping: 0000000000000000-000000007b700000
[    0.000000]  0000000000 - 0040000000 page 1G
[    0.000000]  0040000000 - 007b600000 page 2M
[    0.000000]  007b600000 - 007b700000 page 4k
[    0.000000] kernel direct mapping tables up to 7b700000 @ 1fffd000-20000000
[    0.000000] init_memory_mapping: 0000000100000000-0000002080000000
[    0.000000]  0100000000 - 2080000000 page 1G
[    0.000000] kernel direct mapping tables up to 2080000000 @ 740e1000-740e2000
[    0.000000] RAMDISK: 36b32000 - 37591000
[    0.000000] ACPI: RSDP 000000007b6be014 00024 (v02 DELL  )
[    0.000000] ACPI: XSDT 000000007b6bd0e8 000C4 (v01 DELL   PE_SC3   00000000      01000013)
[    0.000000] ACPI: FACP 000000007b6b9000 000F4 (v04 DELL   PE_SC3   00000000 DELL 00000001)
[    0.000000] ACPI: DSDT 000000007b6a2000 0F05A (v02 DELL   PE_SC3   00000003 DELL 00000001)
[    0.000000] ACPI: FACS 000000007b5fc000 00040
[    0.000000] ACPI: MCEJ 000000007b6bc000 00130 (v01 INTEL           00000001 INTL 0100000D)
[    0.000000] ACPI: WD__ 000000007b6bb000 00134 (v01 DELL   PE_SC3   00000001 DELL 00000001)
[    0.000000] ACPI: SLIC 000000007b6ba000 00024 (v01 DELL   PE_SC3   00000001 DELL 00000001)
[    0.000000] ACPI: HPET 000000007b6b8000 00038 (v01 DELL   PE_SC3   00000001 DELL 00000001)
[    0.000000] ACPI: APIC 000000007b6b7000 0085C (v02 DELL   PE_SC3   00000000 DELL 00000001)
[    0.000000] ACPI: MCFG 000000007b6b6000 0003C (v01 DELL   PE_SC3   00000001 DELL 00000001)
[    0.000000] ACPI: MSCT 000000007b6b5000 00090 (v01 DELL   PE_SC3   00000001 DELL 00000001)
[    0.000000] ACPI: PMCT 000000007b6b4000 00064 (v01 DELL   PE_SC3   00000000 DELL 00000001)
[    0.000000] ACPI: SLIT 000000007b6b3000 0006C (v01 DELL   PE_SC3   00000001 DELL 00000001)
[    0.000000] ACPI: SRAT 000000007b6b2000 00E30 (v03 DELL   PE_SC3   00000001 DELL 00000001)
[    0.000000] ACPI: SSDT 000000007310a000 CB6FB (v02  INTEL SSDT  PM 00004000 INTL 20121114)
[    0.000000] ACPI: SSDT 000000007b6a0000 01C95 (v02  INTEL SpsNm    00000002 INTL 20121114)
[    0.000000] ACPI: SSDT 000000007b69f000 0006E (v02  INTEL SpsNvs   00000002 INTL 20121114)
[    0.000000] ACPI: PRAD 000000007b69e000 00132 (v02  INTEL SpsPrAgg 00000002 INTL 20121114)
[    0.000000] ACPI: DMAR 000000007b6fe000 000F8 (v01 DELL   PE_SC3   00000001 DELL 00000001)
[    0.000000] ACPI: HEST 000000007b6fd000 0017C (v01 DELL   PE_SC3   00000002 DELL 00000001)
[    0.000000] ACPI: BERT 000000007b6fc000 00030 (v01 DELL   PE_SC3   00000002 DELL 00000001)
[    0.000000] ACPI: ERST 000000007b6fb000 00230 (v01 DELL   PE_SC3   00000002 DELL 00000001)
[    0.000000] ACPI: EINJ 000000007b6fa000 00150 (v01 DELL   PE_SC3   00000002 DELL 00000001)
[    0.000000] ACPI: Local APIC address 0xfee00000
[    0.000000] SRAT: PXM 0 -> APIC 0x00 -> Node 0
[    0.000000] SRAT: PXM 1 -> APIC 0x20 -> Node 1
[    0.000000] SRAT: PXM 0 -> APIC 0x02 -> Node 0
[    0.000000] SRAT: PXM 1 -> APIC 0x22 -> Node 1
[    0.000000] SRAT: PXM 0 -> APIC 0x04 -> Node 0
[    0.000000] SRAT: PXM 1 -> APIC 0x24 -> Node 1
[    0.000000] SRAT: PXM 0 -> APIC 0x06 -> Node 0
[    0.000000] SRAT: PXM 1 -> APIC 0x26 -> Node 1
[    0.000000] SRAT: PXM 0 -> APIC 0x08 -> Node 0
[    0.000000] SRAT: PXM 1 -> APIC 0x28 -> Node 1
[    0.000000] SRAT: PXM 0 -> APIC 0x0a -> Node 0
[    0.000000] SRAT: PXM 1 -> APIC 0x2a -> Node 1
[    0.000000] SRAT: PXM 0 -> APIC 0x10 -> Node 0
[    0.000000] SRAT: PXM 1 -> APIC 0x30 -> Node 1
[    0.000000] SRAT: PXM 0 -> APIC 0x12 -> Node 0
[    0.000000] SRAT: PXM 1 -> APIC 0x32 -> Node 1
[    0.000000] SRAT: PXM 0 -> APIC 0x14 -> Node 0
[    0.000000] SRAT: PXM 1 -> APIC 0x34 -> Node 1
[    0.000000] SRAT: PXM 0 -> APIC 0x16 -> Node 0
[    0.000000] SRAT: PXM 1 -> APIC 0x36 -> Node 1
[    0.000000] SRAT: PXM 0 -> APIC 0x18 -> Node 0
[    0.000000] SRAT: PXM 1 -> APIC 0x38 -> Node 1
[    0.000000] SRAT: PXM 0 -> APIC 0x1a -> Node 0
[    0.000000] SRAT: PXM 1 -> APIC 0x3a -> Node 1
[    0.000000] SRAT: PXM 0 -> APIC 0x01 -> Node 0
[    0.000000] SRAT: PXM 1 -> APIC 0x21 -> Node 1
[    0.000000] SRAT: PXM 0 -> APIC 0x03 -> Node 0
[    0.000000] SRAT: PXM 1 -> APIC 0x23 -> Node 1
[    0.000000] SRAT: PXM 0 -> APIC 0x05 -> Node 0
[    0.000000] SRAT: PXM 1 -> APIC 0x25 -> Node 1
[    0.000000] SRAT: PXM 0 -> APIC 0x07 -> Node 0
[    0.000000] SRAT: PXM 1 -> APIC 0x27 -> Node 1
[    0.000000] SRAT: PXM 0 -> APIC 0x09 -> Node 0
[    0.000000] SRAT: PXM 1 -> APIC 0x29 -> Node 1
[    0.000000] SRAT: PXM 0 -> APIC 0x0b -> Node 0
[    0.000000] SRAT: PXM 1 -> APIC 0x2b -> Node 1
[    0.000000] SRAT: PXM 0 -> APIC 0x11 -> Node 0
[    0.000000] SRAT: PXM 1 -> APIC 0x31 -> Node 1
[    0.000000] SRAT: PXM 0 -> APIC 0x13 -> Node 0
[    0.000000] SRAT: PXM 1 -> APIC 0x33 -> Node 1
[    0.000000] SRAT: PXM 0 -> APIC 0x15 -> Node 0
[    0.000000] SRAT: PXM 1 -> APIC 0x35 -> Node 1
[    0.000000] SRAT: PXM 0 -> APIC 0x17 -> Node 0
[    0.000000] SRAT: PXM 1 -> APIC 0x37 -> Node 1
[    0.000000] SRAT: PXM 0 -> APIC 0x19 -> Node 0
[    0.000000] SRAT: PXM 1 -> APIC 0x39 -> Node 1
[    0.000000] SRAT: PXM 0 -> APIC 0x1b -> Node 0
[    0.000000] SRAT: PXM 1 -> APIC 0x3b -> Node 1
[    0.000000] SRAT: Node 0 PXM 0 0-1080000000
[    0.000000] SRAT: Node 1 PXM 1 1080000000-2080000000
[    0.000000] NUMA: Initialized distance table, cnt=2
[    0.000000] Initmem setup node 0 0000000000000000-0000001080000000
[    0.000000]   NODE_DATA [000000107fffb000 - 000000107fffffff]
[    0.000000] Initmem setup node 1 0000001080000000-0000002080000000
[    0.000000]   NODE_DATA [000000207fffa000 - 000000207fffefff]
[    0.000000]  [ffffea0000000000-ffffea0039bfffff] PMD -> [ffff88103fe00000-ffff881077dfffff] on node 0
[    0.000000]  [ffffea0039c00000-ffffea0071bfffff] PMD -> [ffff88203f600000-ffff8820775fffff] on node 1
[    0.000000] Zone PFN ranges:
[    0.000000]   DMA      0x00000010 -> 0x00001000
[    0.000000]   DMA32    0x00001000 -> 0x00100000
[    0.000000]   Normal   0x00100000 -> 0x02080000
[    0.000000] Movable zone start PFN for each node
[    0.000000] early_node_map[9] active PFN ranges
[    0.000000]     0: 0x00000010 -> 0x000000a0
[    0.000000]     0: 0x00000100 -> 0x000728cd
[    0.000000]     0: 0x00072ece -> 0x0007310a
[    0.000000]     0: 0x000731d6 -> 0x000732da
[    0.000000]     0: 0x0007375a -> 0x0007a8cf
[    0.000000]     0: 0x0007b6bf -> 0x0007b6e9
[    0.000000]     0: 0x0007b6ff -> 0x0007b700
[    0.000000]     0: 0x00100000 -> 0x01080000
[    0.000000]     1: 0x01080000 -> 0x02080000
[    0.000000] On node 0 totalpages: 16751933
[    0.000000]   DMA zone: 56 pages used for memmap
[    0.000000]   DMA zone: 1037 pages reserved
[    0.000000]   DMA zone: 2891 pages, LIFO batch:0
[    0.000000]   DMA32 zone: 14280 pages used for memmap
[    0.000000]   DMA32 zone: 480741 pages, LIFO batch:31
[    0.000000]   Normal zone: 222208 pages used for memmap
[    0.000000]   Normal zone: 16030720 pages, LIFO batch:31
[    0.000000] On node 1 totalpages: 16777216
[    0.000000]   Normal zone: 229376 pages used for memmap
[    0.000000]   Normal zone: 16547840 pages, LIFO batch:31
[    0.000000] ACPI: PM-Timer IO Port: 0x408
[    0.000000] ACPI: Local APIC address 0xfee00000
[    0.000000] ACPI: LAPIC (acpi_id[0x00] lapic_id[0x00] enabled)
[    0.000000] ACPI: LAPIC (acpi_id[0x24] lapic_id[0x20] enabled)
[    0.000000] ACPI: LAPIC (acpi_id[0x02] lapic_id[0x02] enabled)
[    0.000000] ACPI: LAPIC (acpi_id[0x26] lapic_id[0x22] enabled)
[    0.000000] ACPI: LAPIC (acpi_id[0x04] lapic_id[0x04] enabled)
[    0.000000] ACPI: LAPIC (acpi_id[0x28] lapic_id[0x24] enabled)
[    0.000000] ACPI: LAPIC (acpi_id[0x06] lapic_id[0x06] enabled)
[    0.000000] ACPI: LAPIC (acpi_id[0x2a] lapic_id[0x26] enabled)
[    0.000000] ACPI: LAPIC (acpi_id[0x08] lapic_id[0x08] enabled)
[    0.000000] ACPI: LAPIC (acpi_id[0x2c] lapic_id[0x28] enabled)
[    0.000000] ACPI: LAPIC (acpi_id[0x0a] lapic_id[0x0a] enabled)
[    0.000000] ACPI: LAPIC (acpi_id[0x2e] lapic_id[0x2a] enabled)
[    0.000000] ACPI: LAPIC (acpi_id[0x0c] lapic_id[0x10] enabled)
[    0.000000] ACPI: LAPIC (acpi_id[0x30] lapic_id[0x30] enabled)
[    0.000000] ACPI: LAPIC (acpi_id[0x0e] lapic_id[0x12] enabled)
[    0.000000] ACPI: LAPIC (acpi_id[0x32] lapic_id[0x32] enabled)
[    0.000000] ACPI: LAPIC (acpi_id[0x10] lapic_id[0x14] enabled)
[    0.000000] ACPI: LAPIC (acpi_id[0x34] lapic_id[0x34] enabled)
[    0.000000] ACPI: LAPIC (acpi_id[0x12] lapic_id[0x16] enabled)
[    0.000000] ACPI: LAPIC (acpi_id[0x36] lapic_id[0x36] enabled)
[    0.000000] ACPI: LAPIC (acpi_id[0x14] lapic_id[0x18] enabled)
[    0.000000] ACPI: LAPIC (acpi_id[0x38] lapic_id[0x38] enabled)
[    0.000000] ACPI: LAPIC (acpi_id[0x16] lapic_id[0x1a] enabled)
[    0.000000] ACPI: LAPIC (acpi_id[0x3a] lapic_id[0x3a] enabled)
[    0.000000] ACPI: LAPIC (acpi_id[0x01] lapic_id[0x01] enabled)
[    0.000000] ACPI: LAPIC (acpi_id[0x25] lapic_id[0x21] enabled)
[    0.000000] ACPI: LAPIC (acpi_id[0x03] lapic_id[0x03] enabled)
[    0.000000] ACPI: LAPIC (acpi_id[0x27] lapic_id[0x23] enabled)
[    0.000000] ACPI: LAPIC (acpi_id[0x05] lapic_id[0x05] enabled)
[    0.000000] ACPI: LAPIC (acpi_id[0x29] lapic_id[0x25] enabled)
[    0.000000] ACPI: LAPIC (acpi_id[0x07] lapic_id[0x07] enabled)
[    0.000000] ACPI: LAPIC (acpi_id[0x2b] lapic_id[0x27] enabled)
[    0.000000] ACPI: LAPIC (acpi_id[0x09] lapic_id[0x09] enabled)
[    0.000000] ACPI: LAPIC (acpi_id[0x2d] lapic_id[0x29] enabled)
[    0.000000] ACPI: LAPIC (acpi_id[0x0b] lapic_id[0x0b] enabled)
[    0.000000] ACPI: LAPIC (acpi_id[0x2f] lapic_id[0x2b] enabled)
[    0.000000] ACPI: LAPIC (acpi_id[0x0d] lapic_id[0x11] enabled)
[    0.000000] ACPI: LAPIC (acpi_id[0x31] lapic_id[0x31] enabled)
[    0.000000] ACPI: LAPIC (acpi_id[0x0f] lapic_id[0x13] enabled)
[    0.000000] ACPI: LAPIC (acpi_id[0x33] lapic_id[0x33] enabled)
[    0.000000] ACPI: LAPIC (acpi_id[0x11] lapic_id[0x15] enabled)
[    0.000000] ACPI: LAPIC (acpi_id[0x35] lapic_id[0x35] enabled)
[    0.000000] ACPI: LAPIC (acpi_id[0x13] lapic_id[0x17] enabled)
[    0.000000] ACPI: LAPIC (acpi_id[0x37] lapic_id[0x37] enabled)
[    0.000000] ACPI: LAPIC (acpi_id[0x15] lapic_id[0x19] enabled)
[    0.000000] ACPI: LAPIC (acpi_id[0x39] lapic_id[0x39] enabled)
[    0.000000] ACPI: LAPIC (acpi_id[0x17] lapic_id[0x1b] enabled)
[    0.000000] ACPI: LAPIC (acpi_id[0x3b] lapic_id[0x3b] enabled)
[    0.000000] ACPI: LAPIC (acpi_id[0xff] lapic_id[0xff] disabled)
[    0.000000] ACPI: LAPIC (acpi_id[0xff] lapic_id[0xff] disabled)
[    0.000000] ACPI: LAPIC (acpi_id[0xff] lapic_id[0xff] disabled)
[    0.000000] ACPI: LAPIC (acpi_id[0xff] lapic_id[0xff] disabled)
[    0.000000] ACPI: LAPIC (acpi_id[0xff] lapic_id[0xff] disabled)
[    0.000000] ACPI: LAPIC (acpi_id[0xff] lapic_id[0xff] disabled)
[    0.000000] ACPI: LAPIC (acpi_id[0xff] lapic_id[0xff] disabled)
[    0.000000] ACPI: LAPIC (acpi_id[0xff] lapic_id[0xff] disabled)
[    0.000000] ACPI: LAPIC (acpi_id[0xff] lapic_id[0xff] disabled)
[    0.000000] ACPI: LAPIC (acpi_id[0xff] lapic_id[0xff] disabled)
[    0.000000] ACPI: LAPIC (acpi_id[0xff] lapic_id[0xff] disabled)
[    0.000000] ACPI: LAPIC (acpi_id[0xff] lapic_id[0xff] disabled)
[    0.000000] ACPI: LAPIC (acpi_id[0xff] lapic_id[0xff] disabled)
[    0.000000] ACPI: LAPIC (acpi_id[0xff] lapic_id[0xff] disabled)
[    0.000000] ACPI: LAPIC (acpi_id[0xff] lapic_id[0xff] disabled)
[    0.000000] ACPI: LAPIC (acpi_id[0xff] lapic_id[0xff] disabled)
[    0.000000] ACPI: LAPIC (acpi_id[0xff] lapic_id[0xff] disabled)
[    0.000000] ACPI: LAPIC (acpi_id[0xff] lapic_id[0xff] disabled)
[    0.000000] ACPI: LAPIC (acpi_id[0xff] lapic_id[0xff] disabled)
[    0.000000] ACPI: LAPIC (acpi_id[0xff] lapic_id[0xff] disabled)
[    0.000000] ACPI: LAPIC (acpi_id[0xff] lapic_id[0xff] disabled)
[    0.000000] ACPI: LAPIC (acpi_id[0xff] lapic_id[0xff] disabled)
[    0.000000] ACPI: LAPIC (acpi_id[0xff] lapic_id[0xff] disabled)
[    0.000000] ACPI: LAPIC (acpi_id[0xff] lapic_id[0xff] disabled)
[    0.000000] ACPI: LAPIC (acpi_id[0xff] lapic_id[0xff] disabled)
[    0.000000] ACPI: LAPIC (acpi_id[0xff] lapic_id[0xff] disabled)
[    0.000000] ACPI: LAPIC (acpi_id[0xff] lapic_id[0xff] disabled)
[    0.000000] ACPI: LAPIC (acpi_id[0xff] lapic_id[0xff] disabled)
[    0.000000] ACPI: LAPIC (acpi_id[0xff] lapic_id[0xff] disabled)
[    0.000000] ACPI: LAPIC (acpi_id[0xff] lapic_id[0xff] disabled)
[    0.000000] ACPI: LAPIC (acpi_id[0xff] lapic_id[0xff] disabled)
[    0.000000] ACPI: LAPIC (acpi_id[0xff] lapic_id[0xff] disabled)
[    0.000000] ACPI: LAPIC (acpi_id[0xff] lapic_id[0xff] disabled)
[    0.000000] ACPI: LAPIC (acpi_id[0xff] lapic_id[0xff] disabled)
[    0.000000] ACPI: LAPIC (acpi_id[0xff] lapic_id[0xff] disabled)
[    0.000000] ACPI: LAPIC (acpi_id[0xff] lapic_id[0xff] disabled)
[    0.000000] ACPI: LAPIC (acpi_id[0xff] lapic_id[0xff] disabled)
[    0.000000] ACPI: LAPIC (acpi_id[0xff] lapic_id[0xff] disabled)
[    0.000000] ACPI: LAPIC (acpi_id[0xff] lapic_id[0xff] disabled)
[    0.000000] ACPI: LAPIC (acpi_id[0xff] lapic_id[0xff] disabled)
[    0.000000] ACPI: LAPIC (acpi_id[0xff] lapic_id[0xff] disabled)
[    0.000000] ACPI: LAPIC (acpi_id[0xff] lapic_id[0xff] disabled)
[    0.000000] ACPI: LAPIC (acpi_id[0xff] lapic_id[0xff] disabled)
[    0.000000] ACPI: LAPIC (acpi_id[0xff] lapic_id[0xff] disabled)
[    0.000000] ACPI: LAPIC (acpi_id[0xff] lapic_id[0xff] disabled)
[    0.000000] ACPI: LAPIC (acpi_id[0xff] lapic_id[0xff] disabled)
[    0.000000] ACPI: LAPIC (acpi_id[0xff] lapic_id[0xff] disabled)
[    0.000000] ACPI: LAPIC (acpi_id[0xff] lapic_id[0xff] disabled)
[    0.000000] ACPI: LAPIC (acpi_id[0xff] lapic_id[0xff] disabled)
[    0.000000] ACPI: LAPIC (acpi_id[0xff] lapic_id[0xff] disabled)
[    0.000000] ACPI: LAPIC (acpi_id[0xff] lapic_id[0xff] disabled)
[    0.000000] ACPI: LAPIC (acpi_id[0xff] lapic_id[0xff] disabled)
[    0.000000] ACPI: LAPIC (acpi_id[0xff] lapic_id[0xff] disabled)
[    0.000000] ACPI: LAPIC (acpi_id[0xff] lapic_id[0xff] disabled)
[    0.000000] ACPI: LAPIC (acpi_id[0xff] lapic_id[0xff] disabled)
[    0.000000] ACPI: LAPIC (acpi_id[0xff] lapic_id[0xff] disabled)
[    0.000000] ACPI: LAPIC (acpi_id[0xff] lapic_id[0xff] disabled)
[    0.000000] ACPI: LAPIC (acpi_id[0xff] lapic_id[0xff] disabled)
[    0.000000] ACPI: LAPIC (acpi_id[0xff] lapic_id[0xff] disabled)
[    0.000000] ACPI: LAPIC (acpi_id[0xff] lapic_id[0xff] disabled)
[    0.000000] ACPI: LAPIC (acpi_id[0xff] lapic_id[0xff] disabled)
[    0.000000] ACPI: LAPIC (acpi_id[0xff] lapic_id[0xff] disabled)
[    0.000000] ACPI: LAPIC (acpi_id[0xff] lapic_id[0xff] disabled)
[    0.000000] ACPI: LAPIC (acpi_id[0xff] lapic_id[0xff] disabled)
[    0.000000] ACPI: LAPIC (acpi_id[0xff] lapic_id[0xff] disabled)
[    0.000000] ACPI: LAPIC (acpi_id[0xff] lapic_id[0xff] disabled)
[    0.000000] ACPI: LAPIC (acpi_id[0xff] lapic_id[0xff] disabled)
[    0.000000] ACPI: LAPIC (acpi_id[0xff] lapic_id[0xff] disabled)
[    0.000000] ACPI: LAPIC (acpi_id[0xff] lapic_id[0xff] disabled)
[    0.000000] ACPI: LAPIC (acpi_id[0xff] lapic_id[0xff] disabled)
[    0.000000] ACPI: LAPIC (acpi_id[0xff] lapic_id[0xff] disabled)
[    0.000000] ACPI: LAPIC (acpi_id[0xff] lapic_id[0xff] disabled)
[    0.000000] ACPI: LAPIC (acpi_id[0xff] lapic_id[0xff] disabled)
[    0.000000] ACPI: LAPIC (acpi_id[0xff] lapic_id[0xff] disabled)
[    0.000000] ACPI: LAPIC (acpi_id[0xff] lapic_id[0xff] disabled)
[    0.000000] ACPI: LAPIC (acpi_id[0xff] lapic_id[0xff] disabled)
[    0.000000] ACPI: LAPIC (acpi_id[0xff] lapic_id[0xff] disabled)
[    0.000000] ACPI: LAPIC (acpi_id[0xff] lapic_id[0xff] disabled)
[    0.000000] ACPI: LAPIC (acpi_id[0xff] lapic_id[0xff] disabled)
[    0.000000] ACPI: LAPIC (acpi_id[0xff] lapic_id[0xff] disabled)
[    0.000000] ACPI: LAPIC (acpi_id[0xff] lapic_id[0xff] disabled)
[    0.000000] ACPI: LAPIC (acpi_id[0xff] lapic_id[0xff] disabled)
[    0.000000] ACPI: LAPIC (acpi_id[0xff] lapic_id[0xff] disabled)
[    0.000000] ACPI: LAPIC (acpi_id[0xff] lapic_id[0xff] disabled)
[    0.000000] ACPI: LAPIC (acpi_id[0xff] lapic_id[0xff] disabled)
[    0.000000] ACPI: LAPIC (acpi_id[0xff] lapic_id[0xff] disabled)
[    0.000000] ACPI: LAPIC (acpi_id[0xff] lapic_id[0xff] disabled)
[    0.000000] ACPI: LAPIC (acpi_id[0xff] lapic_id[0xff] disabled)
[    0.000000] ACPI: LAPIC (acpi_id[0xff] lapic_id[0xff] disabled)
[    0.000000] ACPI: LAPIC (acpi_id[0xff] lapic_id[0xff] disabled)
[    0.000000] ACPI: LAPIC (acpi_id[0xff] lapic_id[0xff] disabled)
[    0.000000] ACPI: LAPIC (acpi_id[0xff] lapic_id[0xff] disabled)
[    0.000000] ACPI: LAPIC (acpi_id[0xff] lapic_id[0xff] disabled)
[    0.000000] ACPI: LAPIC (acpi_id[0xff] lapic_id[0xff] disabled)
[    0.000000] ACPI: LAPIC (acpi_id[0xff] lapic_id[0xff] disabled)
[    0.000000] ACPI: LAPIC (acpi_id[0xff] lapic_id[0xff] disabled)
[    0.000000] ACPI: LAPIC_NMI (acpi_id[0x00] high level lint[0x1])
[    0.000000] ACPI: LAPIC_NMI (acpi_id[0x01] high level lint[0x1])
[    0.000000] ACPI: LAPIC_NMI (acpi_id[0x02] high level lint[0x1])
[    0.000000] ACPI: LAPIC_NMI (acpi_id[0x03] high level lint[0x1])
[    0.000000] ACPI: LAPIC_NMI (acpi_id[0x04] high level lint[0x1])
[    0.000000] ACPI: LAPIC_NMI (acpi_id[0x05] high level lint[0x1])
[    0.000000] ACPI: LAPIC_NMI (acpi_id[0x06] high level lint[0x1])
[    0.000000] ACPI: LAPIC_NMI (acpi_id[0x07] high level lint[0x1])
[    0.000000] ACPI: LAPIC_NMI (acpi_id[0x08] high level lint[0x1])
[    0.000000] ACPI: LAPIC_NMI (acpi_id[0x09] high level lint[0x1])
[    0.000000] ACPI: LAPIC_NMI (acpi_id[0x0a] high level lint[0x1])
[    0.000000] ACPI: LAPIC_NMI (acpi_id[0x0b] high level lint[0x1])
[    0.000000] ACPI: LAPIC_NMI (acpi_id[0x0c] high level lint[0x1])
[    0.000000] ACPI: LAPIC_NMI (acpi_id[0x0d] high level lint[0x1])
[    0.000000] ACPI: LAPIC_NMI (acpi_id[0x0e] high level lint[0x1])
[    0.000000] ACPI: LAPIC_NMI (acpi_id[0x0f] high level lint[0x1])
[    0.000000] ACPI: LAPIC_NMI (acpi_id[0x10] high level lint[0x1])
[    0.000000] ACPI: LAPIC_NMI (acpi_id[0x11] high level lint[0x1])
[    0.000000] ACPI: LAPIC_NMI (acpi_id[0x12] high level lint[0x1])
[    0.000000] ACPI: LAPIC_NMI (acpi_id[0x13] high level lint[0x1])
[    0.000000] ACPI: LAPIC_NMI (acpi_id[0x14] high level lint[0x1])
[    0.000000] ACPI: LAPIC_NMI (acpi_id[0x15] high level lint[0x1])
[    0.000000] ACPI: LAPIC_NMI (acpi_id[0x16] high level lint[0x1])
[    0.000000] ACPI: LAPIC_NMI (acpi_id[0x17] high level lint[0x1])
[    0.000000] ACPI: LAPIC_NMI (acpi_id[0x18] high level lint[0x1])
[    0.000000] ACPI: LAPIC_NMI (acpi_id[0x19] high level lint[0x1])
[    0.000000] ACPI: LAPIC_NMI (acpi_id[0x1a] high level lint[0x1])
[    0.000000] ACPI: LAPIC_NMI (acpi_id[0x1b] high level lint[0x1])
[    0.000000] ACPI: LAPIC_NMI (acpi_id[0x1c] high level lint[0x1])
[    0.000000] ACPI: LAPIC_NMI (acpi_id[0x1d] high level lint[0x1])
[    0.000000] ACPI: LAPIC_NMI (acpi_id[0x1e] high level lint[0x1])
[    0.000000] ACPI: LAPIC_NMI (acpi_id[0x1f] high level lint[0x1])
[    0.000000] ACPI: LAPIC_NMI (acpi_id[0x20] high level lint[0x1])
[    0.000000] ACPI: LAPIC_NMI (acpi_id[0x21] high level lint[0x1])
[    0.000000] ACPI: LAPIC_NMI (acpi_id[0x22] high level lint[0x1])
[    0.000000] ACPI: LAPIC_NMI (acpi_id[0x23] high level lint[0x1])
[    0.000000] ACPI: LAPIC_NMI (acpi_id[0x24] high level lint[0x1])
[    0.000000] ACPI: LAPIC_NMI (acpi_id[0x25] high level lint[0x1])
[    0.000000] ACPI: LAPIC_NMI (acpi_id[0x26] high level lint[0x1])
[    0.000000] ACPI: LAPIC_NMI (acpi_id[0x27] high level lint[0x1])
[    0.000000] ACPI: LAPIC_NMI (acpi_id[0x28] high level lint[0x1])
[    0.000000] ACPI: LAPIC_NMI (acpi_id[0x29] high level lint[0x1])
[    0.000000] ACPI: LAPIC_NMI (acpi_id[0x2a] high level lint[0x1])
[    0.000000] ACPI: LAPIC_NMI (acpi_id[0x2b] high level lint[0x1])
[    0.000000] ACPI: LAPIC_NMI (acpi_id[0x2c] high level lint[0x1])
[    0.000000] ACPI: LAPIC_NMI (acpi_id[0x2d] high level lint[0x1])
[    0.000000] ACPI: LAPIC_NMI (acpi_id[0x2e] high level lint[0x1])
[    0.000000] ACPI: LAPIC_NMI (acpi_id[0x2f] high level lint[0x1])
[    0.000000] ACPI: LAPIC_NMI (acpi_id[0x30] high level lint[0x1])
[    0.000000] ACPI: LAPIC_NMI (acpi_id[0x31] high level lint[0x1])
[    0.000000] ACPI: LAPIC_NMI (acpi_id[0x32] high level lint[0x1])
[    0.000000] ACPI: LAPIC_NMI (acpi_id[0x33] high level lint[0x1])
[    0.000000] ACPI: LAPIC_NMI (acpi_id[0x34] high level lint[0x1])
[    0.000000] ACPI: LAPIC_NMI (acpi_id[0x35] high level lint[0x1])
[    0.000000] ACPI: LAPIC_NMI (acpi_id[0x36] high level lint[0x1])
[    0.000000] ACPI: LAPIC_NMI (acpi_id[0x37] high level lint[0x1])
[    0.000000] ACPI: LAPIC_NMI (acpi_id[0x38] high level lint[0x1])
[    0.000000] ACPI: LAPIC_NMI (acpi_id[0x39] high level lint[0x1])
[    0.000000] ACPI: LAPIC_NMI (acpi_id[0x3a] high level lint[0x1])
[    0.000000] ACPI: LAPIC_NMI (acpi_id[0x3b] high level lint[0x1])
[    0.000000] ACPI: LAPIC_NMI (acpi_id[0x3c] high level lint[0x1])
[    0.000000] ACPI: LAPIC_NMI (acpi_id[0x3d] high level lint[0x1])
[    0.000000] ACPI: LAPIC_NMI (acpi_id[0x3e] high level lint[0x1])
[    0.000000] ACPI: LAPIC_NMI (acpi_id[0x3f] high level lint[0x1])
[    0.000000] ACPI: LAPIC_NMI (acpi_id[0x40] high level lint[0x1])
[    0.000000] ACPI: LAPIC_NMI (acpi_id[0x41] high level lint[0x1])
[    0.000000] ACPI: LAPIC_NMI (acpi_id[0x42] high level lint[0x1])
[    0.000000] ACPI: LAPIC_NMI (acpi_id[0x43] high level lint[0x1])
[    0.000000] ACPI: LAPIC_NMI (acpi_id[0x44] high level lint[0x1])
[    0.000000] ACPI: LAPIC_NMI (acpi_id[0x45] high level lint[0x1])
[    0.000000] ACPI: LAPIC_NMI (acpi_id[0x46] high level lint[0x1])
[    0.000000] ACPI: LAPIC_NMI (acpi_id[0x47] high level lint[0x1])
[    0.000000] ACPI: LAPIC_NMI (acpi_id[0x48] high level lint[0x1])
[    0.000000] ACPI: LAPIC_NMI (acpi_id[0x49] high level lint[0x1])
[    0.000000] ACPI: LAPIC_NMI (acpi_id[0x4a] high level lint[0x1])
[    0.000000] ACPI: LAPIC_NMI (acpi_id[0x4b] high level lint[0x1])
[    0.000000] ACPI: LAPIC_NMI (acpi_id[0x4c] high level lint[0x1])
[    0.000000] ACPI: LAPIC_NMI (acpi_id[0x4d] high level lint[0x1])
[    0.000000] ACPI: LAPIC_NMI (acpi_id[0x4e] high level lint[0x1])
[    0.000000] ACPI: LAPIC_NMI (acpi_id[0x4f] high level lint[0x1])
[    0.000000] ACPI: LAPIC_NMI (acpi_id[0x50] high level lint[0x1])
[    0.000000] ACPI: LAPIC_NMI (acpi_id[0x51] high level lint[0x1])
[    0.000000] ACPI: LAPIC_NMI (acpi_id[0x52] high level lint[0x1])
[    0.000000] ACPI: LAPIC_NMI (acpi_id[0x53] high level lint[0x1])
[    0.000000] ACPI: LAPIC_NMI (acpi_id[0x54] high level lint[0x1])
[    0.000000] ACPI: LAPIC_NMI (acpi_id[0x55] high level lint[0x1])
[    0.000000] ACPI: LAPIC_NMI (acpi_id[0x56] high level lint[0x1])
[    0.000000] ACPI: LAPIC_NMI (acpi_id[0x57] high level lint[0x1])
[    0.000000] ACPI: LAPIC_NMI (acpi_id[0x58] high level lint[0x1])
[    0.000000] ACPI: LAPIC_NMI (acpi_id[0x59] high level lint[0x1])
[    0.000000] ACPI: LAPIC_NMI (acpi_id[0x5a] high level lint[0x1])
[    0.000000] ACPI: LAPIC_NMI (acpi_id[0x5b] high level lint[0x1])
[    0.000000] ACPI: LAPIC_NMI (acpi_id[0x5c] high level lint[0x1])
[    0.000000] ACPI: LAPIC_NMI (acpi_id[0x5d] high level lint[0x1])
[    0.000000] ACPI: LAPIC_NMI (acpi_id[0x5e] high level lint[0x1])
[    0.000000] ACPI: LAPIC_NMI (acpi_id[0x5f] high level lint[0x1])
[    0.000000] ACPI: LAPIC_NMI (acpi_id[0x60] high level lint[0x1])
[    0.000000] ACPI: LAPIC_NMI (acpi_id[0x61] high level lint[0x1])
[    0.000000] ACPI: LAPIC_NMI (acpi_id[0x62] high level lint[0x1])
[    0.000000] ACPI: LAPIC_NMI (acpi_id[0x63] high level lint[0x1])
[    0.000000] ACPI: LAPIC_NMI (acpi_id[0x64] high level lint[0x1])
[    0.000000] ACPI: LAPIC_NMI (acpi_id[0x65] high level lint[0x1])
[    0.000000] ACPI: LAPIC_NMI (acpi_id[0x66] high level lint[0x1])
[    0.000000] ACPI: LAPIC_NMI (acpi_id[0x67] high level lint[0x1])
[    0.000000] ACPI: LAPIC_NMI (acpi_id[0x68] high level lint[0x1])
[    0.000000] ACPI: LAPIC_NMI (acpi_id[0x69] high level lint[0x1])
[    0.000000] ACPI: LAPIC_NMI (acpi_id[0x6a] high level lint[0x1])
[    0.000000] ACPI: LAPIC_NMI (acpi_id[0x6b] high level lint[0x1])
[    0.000000] ACPI: LAPIC_NMI (acpi_id[0x6c] high level lint[0x1])
[    0.000000] ACPI: LAPIC_NMI (acpi_id[0x6d] high level lint[0x1])
[    0.000000] ACPI: LAPIC_NMI (acpi_id[0x6e] high level lint[0x1])
[    0.000000] ACPI: LAPIC_NMI (acpi_id[0x6f] high level lint[0x1])
[    0.000000] ACPI: LAPIC_NMI (acpi_id[0x70] high level lint[0x1])
[    0.000000] ACPI: LAPIC_NMI (acpi_id[0x71] high level lint[0x1])
[    0.000000] ACPI: LAPIC_NMI (acpi_id[0x72] high level lint[0x1])
[    0.000000] ACPI: LAPIC_NMI (acpi_id[0x73] high level lint[0x1])
[    0.000000] ACPI: LAPIC_NMI (acpi_id[0x74] high level lint[0x1])
[    0.000000] ACPI: LAPIC_NMI (acpi_id[0x75] high level lint[0x1])
[    0.000000] ACPI: LAPIC_NMI (acpi_id[0x76] high level lint[0x1])
[    0.000000] ACPI: LAPIC_NMI (acpi_id[0x77] high level lint[0x1])
[    0.000000] ACPI: LAPIC_NMI (acpi_id[0x78] high level lint[0x1])
[    0.000000] ACPI: LAPIC_NMI (acpi_id[0x79] high level lint[0x1])
[    0.000000] ACPI: LAPIC_NMI (acpi_id[0x7a] high level lint[0x1])
[    0.000000] ACPI: LAPIC_NMI (acpi_id[0x7b] high level lint[0x1])
[    0.000000] ACPI: LAPIC_NMI (acpi_id[0x7c] high level lint[0x1])
[    0.000000] ACPI: LAPIC_NMI (acpi_id[0x7d] high level lint[0x1])
[    0.000000] ACPI: LAPIC_NMI (acpi_id[0x7e] high level lint[0x1])
[    0.000000] ACPI: LAPIC_NMI (acpi_id[0x7f] high level lint[0x1])
[    0.000000] ACPI: LAPIC_NMI (acpi_id[0x80] high level lint[0x1])
[    0.000000] ACPI: LAPIC_NMI (acpi_id[0x81] high level lint[0x1])
[    0.000000] ACPI: LAPIC_NMI (acpi_id[0x82] high level lint[0x1])
[    0.000000] ACPI: LAPIC_NMI (acpi_id[0x83] high level lint[0x1])
[    0.000000] ACPI: LAPIC_NMI (acpi_id[0x84] high level lint[0x1])
[    0.000000] ACPI: LAPIC_NMI (acpi_id[0x85] high level lint[0x1])
[    0.000000] ACPI: LAPIC_NMI (acpi_id[0x86] high level lint[0x1])
[    0.000000] ACPI: LAPIC_NMI (acpi_id[0x87] high level lint[0x1])
[    0.000000] ACPI: LAPIC_NMI (acpi_id[0x88] high level lint[0x1])
[    0.000000] ACPI: LAPIC_NMI (acpi_id[0x89] high level lint[0x1])
[    0.000000] ACPI: LAPIC_NMI (acpi_id[0x8a] high level lint[0x1])
[    0.000000] ACPI: LAPIC_NMI (acpi_id[0x8b] high level lint[0x1])
[    0.000000] ACPI: LAPIC_NMI (acpi_id[0x8c] high level lint[0x1])
[    0.000000] ACPI: LAPIC_NMI (acpi_id[0x8d] high level lint[0x1])
[    0.000000] ACPI: LAPIC_NMI (acpi_id[0x8e] high level lint[0x1])
[    0.000000] ACPI: LAPIC_NMI (acpi_id[0x8f] high level lint[0x1])
[    0.000000] ACPI: IOAPIC (id[0x08] address[0xfec00000] gsi_base[0])
[    0.000000] IOAPIC[0]: apic_id 8, version 32, address 0xfec00000, GSI 0-23
[    0.000000] ACPI: IOAPIC (id[0x09] address[0xfec01000] gsi_base[24])
[    0.000000] IOAPIC[1]: apic_id 9, version 32, address 0xfec01000, GSI 24-47
[    0.000000] ACPI: IOAPIC (id[0x0a] address[0xfec40000] gsi_base[48])
[    0.000000] IOAPIC[2]: apic_id 10, version 32, address 0xfec40000, GSI 48-71
[    0.000000] ACPI: INT_SRC_OVR (bus 0 bus_irq 0 global_irq 2 dfl dfl)
[    0.000000] ACPI: INT_SRC_OVR (bus 0 bus_irq 9 global_irq 9 high level)
[    0.000000] ACPI: IRQ0 used by override.
[    0.000000] ACPI: IRQ2 used by override.
[    0.000000] ACPI: IRQ9 used by override.
[    0.000000] Using ACPI (MADT) for SMP configuration information
[    0.000000] ACPI: HPET id: 0x8086a701 base: 0xfed00000
[    0.000000] SMP: Allowing 144 CPUs, 96 hotplug CPUs
[    0.000000] nr_irqs_gsi: 88
[    0.000000] PM: Registered nosave memory: 00000000000a0000 - 0000000000100000
[    0.000000] PM: Registered nosave memory: 00000000728cd000 - 0000000072ece000
[    0.000000] PM: Registered nosave memory: 000000007310a000 - 00000000731d6000
[    0.000000] PM: Registered nosave memory: 00000000732da000 - 000000007375a000
[    0.000000] PM: Registered nosave memory: 000000007a8cf000 - 000000007abcf000
[    0.000000] PM: Registered nosave memory: 000000007abcf000 - 000000007b5ff000
[    0.000000] PM: Registered nosave memory: 000000007b5ff000 - 000000007b6bf000
[    0.000000] PM: Registered nosave memory: 000000007b6e9000 - 000000007b6ff000
[    0.000000] PM: Registered nosave memory: 000000007b700000 - 0000000080000000
[    0.000000] PM: Registered nosave memory: 0000000080000000 - 0000000090000000
[    0.000000] PM: Registered nosave memory: 0000000090000000 - 00000000feda8000
[    0.000000] PM: Registered nosave memory: 00000000feda8000 - 00000000fedac000
[    0.000000] PM: Registered nosave memory: 00000000fedac000 - 00000000ff310000
[    0.000000] PM: Registered nosave memory: 00000000ff310000 - 0000000100000000
[    0.000000] Allocating PCI resources starting at 90000000 (gap: 90000000:6eda8000)
[    0.000000] Booting paravirtualized kernel on bare hardware
[    0.000000] setup_percpu: NR_CPUS:512 nr_cpumask_bits:512 nr_cpu_ids:144 nr_node_ids:2
[    0.000000] PERCPU: Embedded 28 pages/cpu @ffff88107f400000 s82944 r8192 d23552 u131072
[    0.000000] pcpu-alloc: s82944 r8192 d23552 u131072 alloc=1*2097152
[    0.000000] pcpu-alloc: [0] 000 002 004 006 008 010 012 014 016 018 020 022 024 026 028 030 
[    0.000000] pcpu-alloc: [0] 032 034 036 038 040 042 044 046 048 050 052 054 056 058 060 062 
[    0.000000] pcpu-alloc: [0] 064 066 068 070 072 074 076 078 080 082 084 086 088 090 092 094 
[    0.000000] pcpu-alloc: [0] 096 098 100 102 104 106 108 110 112 114 116 118 120 122 124 126 
[    0.000000] pcpu-alloc: [0] 128 130 132 134 136 138 140 142 --- --- --- --- --- --- --- --- 
[    0.000000] pcpu-alloc: [1] 001 003 005 007 009 011 013 015 017 019 021 023 025 027 029 031 
[    0.000000] pcpu-alloc: [1] 033 035 037 039 041 043 045 047 049 051 053 055 057 059 061 063 
[    0.000000] pcpu-alloc: [1] 065 067 069 071 073 075 077 079 081 083 085 087 089 091 093 095 
[    0.000000] pcpu-alloc: [1] 097 099 101 103 105 107 109 111 113 115 117 119 121 123 125 127 
[    0.000000] pcpu-alloc: [1] 129 131 133 135 137 139 141 143 --- --- --- --- --- --- --- --- 
[    0.000000] Built 2 zonelists in Zone order, mobility grouping on.  Total pages: 33062192
[    0.000000] Policy zone: Normal
[    0.000000] Kernel command line: BOOT_IMAGE=/vmlinuz-3.2.0-4-amd64 root=/dev/mapper/debian-root ro quiet
[    0.000000] PID hash table entries: 4096 (order: 3, 32768 bytes)
[    0.000000] xsave/xrstor: enabled xstate_bv 0x7, cntxt size 0x340
[    0.000000] Checking aperture...
[    0.000000] No AGP bridge found
[    0.000000] Calgary: detecting Calgary via BIOS EBDA area
[    0.000000] Calgary: Unable to locate Rio Grande table in EBDA - bailing!
[    0.000000] Memory: 132017192k/136314880k available (3428k kernel code, 2198284k absent, 2099404k reserved, 3310k data, 580k init)
[    0.000000] Hierarchical RCU implementation.
[    0.000000] 	RCU dyntick-idle grace-period acceleration is enabled.
[    0.000000] NR_IRQS:33024 nr_irqs:2648 16
[    0.000000] Extended CMOS year: 2000
[    0.000000] Console: colour dummy device 80x25
[    0.000000] console [tty0] enabled
[    0.000000] hpet clockevent registered
[    0.000000] Fast TSC calibration using PIT
[    0.004000] Detected 2599.559 MHz processor.
[    0.000031] Calibrating delay loop (skipped), value calculated using timer frequency.. 5199.11 BogoMIPS (lpj=10398236)
[    0.000034] pid_max: default: 147456 minimum: 1152
[    0.036517] Security Framework initialized
[    0.036521] AppArmor: AppArmor disabled by boot time parameter
[    0.041697] Dentry cache hash table entries: 16777216 (order: 15, 134217728 bytes)
[    0.061006] Inode-cache hash table entries: 8388608 (order: 14, 67108864 bytes)
[    0.069339] Mount-cache hash table entries: 256
[    0.069622] Initializing cgroup subsys cpuacct
[    0.069651] Initializing cgroup subsys memory
[    0.069698] Initializing cgroup subsys devices
[    0.069699] Initializing cgroup subsys freezer
[    0.069701] Initializing cgroup subsys net_cls
[    0.069702] Initializing cgroup subsys blkio
[    0.069709] Initializing cgroup subsys perf_event
[    0.069794] CPU: Physical Processor ID: 0
[    0.069795] CPU: Processor Core ID: 0
[    0.069798] ENERGY_PERF_BIAS: Set to 'normal', was 'performance'
[    0.069799] ENERGY_PERF_BIAS: View and update with x86_energy_perf_policy(8)
[    0.070513] mce: CPU supports 22 MCE banks
[    0.070545] CPU0: Thermal monitoring enabled (TM1)
[    0.070570] using mwait in idle threads.
[    0.070827] ACPI: Core revision 20110623
[    0.117799] DMAR: Host address width 46
[    0.117801] DMAR: DRHD base: 0x000000fbffc000 flags: 0x0
[    0.117809] IOMMU 0: reg_base_addr fbffc000 ver 1:0 cap d2078c106f0466 ecap f020df
[    0.117810] DMAR: DRHD base: 0x000000c7ffc000 flags: 0x1
[    0.117817] IOMMU 1: reg_base_addr c7ffc000 ver 1:0 cap d2078c106f0466 ecap f020df
[    0.117818] DMAR: ATSR flags: 0x0
[    0.117819] DMAR: ATSR flags: 0x0
[    0.117935] IOAPIC id 10 under DRHD base  0xfbffc000 IOMMU 0
[    0.117936] IOAPIC id 8 under DRHD base  0xc7ffc000 IOMMU 1
[    0.117937] IOAPIC id 9 under DRHD base  0xc7ffc000 IOMMU 1
[    0.117938] HPET id 0 under DRHD base 0xc7ffc000
[    0.117939] ------------[ cut here ]------------
[    0.117945] WARNING: at /build/linux-X2rDfB/linux-3.2.57/drivers/iommu/intr_remapping.c:558 enable_intr_remapping+0x71/0x266()
[    0.117947] Hardware name: PowerEdge R730
[    0.117948] Your BIOS is broken and requested that x2apic be disabled
[    0.117948] This will leave your machine vulnerable to irq-injection attacks
[    0.117949] Use 'intremap=no_x2apic_optout' to override BIOS request
[    0.117950] Modules linked in:
[    0.117952] Pid: 1, comm: swapper/0 Not tainted 3.2.0-4-amd64 #1 Debian 3.2.57-3
[    0.117953] Call Trace:
[    0.117960]  [<ffffffff81046cd9>] ? warn_slowpath_common+0x78/0x8c
[    0.117963]  [<ffffffff81046d85>] ? warn_slowpath_fmt+0x45/0x4a
[    0.117965]  [<ffffffff816e0b9e>] ? enable_intr_remapping+0x71/0x266
[    0.117968]  [<ffffffff816b8c6b>] ? enable_IR_x2apic+0x7a/0x1d3
[    0.117971]  [<ffffffff8134fa6f>] ? _raw_spin_unlock_irqrestore+0xe/0xf
[    0.117974]  [<ffffffff816ba948>] ? default_setup_apic_routing+0xd/0x71
[    0.117977]  [<ffffffff816b6f27>] ? native_smp_prepare_cpus+0x2dc/0x2f4
[    0.117980]  [<ffffffff816abbc0>] ? kernel_init+0x7f/0x157
[    0.117983]  [<ffffffff81356b74>] ? kernel_thread_helper+0x4/0x10
[    0.117985]  [<ffffffff816abb41>] ? start_kernel+0x3c3/0x3c3
[    0.117987]  [<ffffffff81356b70>] ? gs_change+0x13/0x13
[    0.117992] ---[ end trace 6559f55e933f81f1 ]---
[    0.118373] Enabled IRQ remapping in xapic mode
[    0.118376] x2apic not enabled, IRQ remapping is in xapic mode
[    0.118378] Switched APIC routing to physical flat.
[    0.119019] ..TIMER: vector=0x30 apic1=0 pin1=2 apic2=-1 pin2=-1
[    0.158612] CPU0: Intel(R) Xeon(R) CPU E5-2690 v3 @ 2.60GHz stepping 02
[    0.264244] Performance Events: no PEBS fmt2+, generic architected perfmon, Intel PMU driver.
[    0.264249] ... version:                3
[    0.264249] ... bit width:              48
[    0.264250] ... generic registers:      4
[    0.264251] ... value mask:             0000ffffffffffff
[    0.264252] ... max period:             000000007fffffff
[    0.264253] ... fixed-purpose events:   3
[    0.264254] ... event mask:             000000070000000f
[    0.266033] NMI watchdog enabled, takes one hw-pmu counter.
[    0.266166] Booting Node   1, Processors  #1
[    0.266167] smpboot cpu 1: start_ip = 9a000
[    0.376897] NMI watchdog enabled, takes one hw-pmu counter.
[    0.376992]  Ok.
[    0.376993] Booting Node   0, Processors  #2
[    0.376994] smpboot cpu 2: start_ip = 9a000
[    0.488601] NMI watchdog enabled, takes one hw-pmu counter.
[    0.488751]  Ok.
[    0.488752] Booting Node   1, Processors  #3
[    0.488753] smpboot cpu 3: start_ip = 9a000
[    0.600356] NMI watchdog enabled, takes one hw-pmu counter.
[    0.600452]  Ok.
[    0.600453] Booting Node   0, Processors  #4
[    0.600454] smpboot cpu 4: start_ip = 9a000
[    0.708093] NMI watchdog enabled, takes one hw-pmu counter.
[    0.708244]  Ok.
[    0.708245] Booting Node   1, Processors  #5
[    0.708246] smpboot cpu 5: start_ip = 9a000
[    0.819845] NMI watchdog enabled, takes one hw-pmu counter.
[    0.819940]  Ok.
[    0.819941] Booting Node   0, Processors  #6
[    0.819942] smpboot cpu 6: start_ip = 9a000
[    0.927874] NMI watchdog enabled, takes one hw-pmu counter.
[    0.928025]  Ok.
[    0.928026] Booting Node   1, Processors  #7
[    0.928027] smpboot cpu 7: start_ip = 9a000
[    1.039623] NMI watchdog enabled, takes one hw-pmu counter.
[    1.039723]  Ok.
[    1.039724] Booting Node   0, Processors  #8
[    1.039725] smpboot cpu 8: start_ip = 9a000
[    1.151425] NMI watchdog enabled, takes one hw-pmu counter.
[    1.151572]  Ok.
[    1.151573] Booting Node   1, Processors  #9
[    1.151574] smpboot cpu 9: start_ip = 9a000
[    1.263173] NMI watchdog enabled, takes one hw-pmu counter.
[    1.263275]  Ok.
[    1.263275] Booting Node   0, Processors  #10
[    1.263277] smpboot cpu 10: start_ip = 9a000
[    1.374977] NMI watchdog enabled, takes one hw-pmu counter.
[    1.375125]  Ok.
[    1.375125] Booting Node   1, Processors  #11
[    1.375127] smpboot cpu 11: start_ip = 9a000
[    1.486724] NMI watchdog enabled, takes one hw-pmu counter.
[    1.486825]  Ok.
[    1.486826] Booting Node   0, Processors  #12
[    1.486827] smpboot cpu 12: start_ip = 9a000
[    1.598429] NMI watchdog enabled, takes one hw-pmu counter.
[    1.598576]  Ok.
[    1.598577] Booting Node   1, Processors  #13
[    1.598578] smpboot cpu 13: start_ip = 9a000
[    1.710173] NMI watchdog enabled, takes one hw-pmu counter.
[    1.710277]  Ok.
[    1.710277] Booting Node   0, Processors  #14
[    1.710279] smpboot cpu 14: start_ip = 9a000
[    1.821983] NMI watchdog enabled, takes one hw-pmu counter.
[    1.822130]  Ok.
[    1.822130] Booting Node   1, Processors  #15
[    1.822132] smpboot cpu 15: start_ip = 9a000
[    1.933747] NMI watchdog enabled, takes one hw-pmu counter.
[    1.933845]  Ok.
[    1.933846] Booting Node   0, Processors  #16
[    1.933847] smpboot cpu 16: start_ip = 9a000
[    2.045547] NMI watchdog enabled, takes one hw-pmu counter.
[    2.045691]  Ok.
[    2.045692] Booting Node   1, Processors  #17
[    2.045693] smpboot cpu 17: start_ip = 9a000
[    2.157237] NMI watchdog enabled, takes one hw-pmu counter.
[    2.157343]  Ok.
[    2.157344] Booting Node   0, Processors  #18
[    2.157345] smpboot cpu 18: start_ip = 9a000
[    2.268971] NMI watchdog enabled, takes one hw-pmu counter.
[    2.269113]  Ok.
[    2.269113] Booting Node   1, Processors  #19
[    2.269115] smpboot cpu 19: start_ip = 9a000
[    2.380757] NMI watchdog enabled, takes one hw-pmu counter.
[    2.380859]  Ok.
[    2.380860] Booting Node   0, Processors  #20
[    2.380861] smpboot cpu 20: start_ip = 9a000
[    2.492558] NMI watchdog enabled, takes one hw-pmu counter.
[    2.492701]  Ok.
[    2.492701] Booting Node   1, Processors  #21
[    2.492703] smpboot cpu 21: start_ip = 9a000
[    2.604297] NMI watchdog enabled, takes one hw-pmu counter.
[    2.604397]  Ok.
[    2.604398] Booting Node   0, Processors  #22
[    2.604400] smpboot cpu 22: start_ip = 9a000
[    2.715994] NMI watchdog enabled, takes one hw-pmu counter.
[    2.716141]  Ok.
[    2.716141] Booting Node   1, Processors  #23
[    2.716143] smpboot cpu 23: start_ip = 9a000
[    2.827735] NMI watchdog enabled, takes one hw-pmu counter.
[    2.827834]  Ok.
[    2.827835] Booting Node   0, Processors  #24
[    2.827836] smpboot cpu 24: start_ip = 9a000
[    2.939236] NMI watchdog enabled, takes one hw-pmu counter.
[    2.939391]  Ok.
[    2.939391] Booting Node   1, Processors  #25
[    2.939393] smpboot cpu 25: start_ip = 9a000
[    3.051286] NMI watchdog enabled, takes one hw-pmu counter.
[    3.051397]  Ok.
[    3.051398] Booting Node   0, Processors  #26
[    3.051399] smpboot cpu 26: start_ip = 9a000
[    3.163041] NMI watchdog enabled, takes one hw-pmu counter.
[    3.163173]  Ok.
[    3.163173] Booting Node   1, Processors  #27
[    3.163175] smpboot cpu 27: start_ip = 9a000
[    3.274729] NMI watchdog enabled, takes one hw-pmu counter.
[    3.274830]  Ok.
[    3.274830] Booting Node   0, Processors  #28
[    3.274832] smpboot cpu 28: start_ip = 9a000
[    3.386545] NMI watchdog enabled, takes one hw-pmu counter.
[    3.386696]  Ok.
[    3.386697] Booting Node   1, Processors  #29
[    3.386698] smpboot cpu 29: start_ip = 9a000
[    3.498298] NMI watchdog enabled, takes one hw-pmu counter.
[    3.498397]  Ok.
[    3.498398] Booting Node   0, Processors  #30
[    3.498399] smpboot cpu 30: start_ip = 9a000
[    3.610007] NMI watchdog enabled, takes one hw-pmu counter.
[    3.610153]  Ok.
[    3.610153] Booting Node   1, Processors  #31
[    3.610154] smpboot cpu 31: start_ip = 9a000
[    3.721757] NMI watchdog enabled, takes one hw-pmu counter.
[    3.721860]  Ok.
[    3.721861] Booting Node   0, Processors  #32
[    3.721862] smpboot cpu 32: start_ip = 9a000
[    3.833567] NMI watchdog enabled, takes one hw-pmu counter.
[    3.833714]  Ok.
[    3.833714] Booting Node   1, Processors  #33
[    3.833716] smpboot cpu 33: start_ip = 9a000
[    3.985241] NMI watchdog enabled, takes one hw-pmu counter.
[    3.985347]  Ok.
[    3.985348] Booting Node   0, Processors  #34
[    3.985349] smpboot cpu 34: start_ip = 9a000
[    4.096959] NMI watchdog enabled, takes one hw-pmu counter.
[    4.097107]  Ok.
[    4.097108] Booting Node   1, Processors  #35
[    4.097109] smpboot cpu 35: start_ip = 9a000
[    4.208737] NMI watchdog enabled, takes one hw-pmu counter.
[    4.208839]  Ok.
[    4.208839] Booting Node   0, Processors  #36
[    4.208841] smpboot cpu 36: start_ip = 9a000
[    4.320513] NMI watchdog enabled, takes one hw-pmu counter.
[    4.320649]  Ok.
[    4.320650] Booting Node   1, Processors  #37
[    4.320651] smpboot cpu 37: start_ip = 9a000
[    4.432233] NMI watchdog enabled, takes one hw-pmu counter.
[    4.432336]  Ok.
[    4.432337] Booting Node   0, Processors  #38
[    4.432338] smpboot cpu 38: start_ip = 9a000
[    4.543940] NMI watchdog enabled, takes one hw-pmu counter.
[    4.544085]  Ok.
[    4.544086] Booting Node   1, Processors  #39
[    4.544087] smpboot cpu 39: start_ip = 9a000
[    4.655787] NMI watchdog enabled, takes one hw-pmu counter.
[    4.655885]  Ok.
[    4.655886] Booting Node   0, Processors  #40
[    4.655887] smpboot cpu 40: start_ip = 9a000
[    4.767589] NMI watchdog enabled, takes one hw-pmu counter.
[    4.767737]  Ok.
[    4.767738] Booting Node   1, Processors  #41
[    4.767739] smpboot cpu 41: start_ip = 9a000
[    4.879334] NMI watchdog enabled, takes one hw-pmu counter.
[    4.879445]  Ok.
[    4.879446] Booting Node   0, Processors  #42
[    4.879448] smpboot cpu 42: start_ip = 9a000
[    4.991054] NMI watchdog enabled, takes one hw-pmu counter.
[    4.991203]  Ok.
[    4.991203] Booting Node   1, Processors  #43
[    4.991205] smpboot cpu 43: start_ip = 9a000
[    5.102806] NMI watchdog enabled, takes one hw-pmu counter.
[    5.102907]  Ok.
[    5.102908] Booting Node   0, Processors  #44
[    5.102909] smpboot cpu 44: start_ip = 9a000
[    5.214524] NMI watchdog enabled, takes one hw-pmu counter.
[    5.214667]  Ok.
[    5.214667] Booting Node   1, Processors  #45
[    5.214668] smpboot cpu 45: start_ip = 9a000
[    5.326333] NMI watchdog enabled, takes one hw-pmu counter.
[    5.326430]  Ok.
[    5.326431] Booting Node   0, Processors  #46
[    5.326432] smpboot cpu 46: start_ip = 9a000
[    5.438099] NMI watchdog enabled, takes one hw-pmu counter.
[    5.438252]  Ok.
[    5.438252] Booting Node   1, Processors  #47
[    5.438254] smpboot cpu 47: start_ip = 9a000
[    5.549848] NMI watchdog enabled, takes one hw-pmu counter.
[    5.549867] Brought up 48 CPUs
[    5.549869] Total of 48 processors activated (249631.33 BogoMIPS).
[    5.741810] devtmpfs: initialized
[    5.752322] PM: Registering ACPI NVS region at 7abcf000 (10682368 bytes)
[    5.752754] print_constraints: dummy: 
[    5.752951] NET: Registered protocol family 16
[    5.753051] ACPI FADT declares the system doesn't support PCIe ASPM, so disable it
[    5.753053] ACPI: bus type pci registered
[    5.753154] PCI: MMCONFIG for domain 0000 [bus 00-ff] at [mem 0x80000000-0x8fffffff] (base 0x80000000)
[    5.753156] PCI: MMCONFIG at [mem 0x80000000-0x8fffffff] reserved in E820
[    5.771988] PCI: Using configuration type 1 for base access
[    5.772215] PCI: Dell System detected, enabling pci=bfsort.
[    5.774525] mtrr: your CPUs had inconsistent fixed MTRR settings
[    5.774526] mtrr: probably your BIOS does not setup all CPUs.
[    5.774527] mtrr: corrected configuration.
[    5.775312] bio: create slab <bio-0> at 0
[    5.775678] ACPI: Added _OSI(Module Device)
[    5.775680] ACPI: Added _OSI(Processor Device)
[    5.775681] ACPI: Added _OSI(3.0 _SCP Extensions)
[    5.775682] ACPI: Added _OSI(Processor Aggregator Device)
[    5.781057] ACPI: EC: Look up EC in DSDT
[    5.905350] [Firmware Bug]: ACPI: BIOS _OSI(Linux) query ignored
[    5.910709] ACPI: Interpreter enabled
[    5.910713] ACPI: (supports S0 S5)
[    5.910721] ACPI: BIOS offers _GTS
[    5.910722] ACPI: If "acpi.gts=1" improves suspend, please notify linux-acpi@vger.kernel.org
[    5.910724] ACPI: Using IOAPIC for interrupt routing
[    5.960558] ACPI: No dock devices found.
[    5.960591] HEST: Table parsing has been initialized.
[    5.960593] PCI: Using host bridge windows from ACPI; if necessary, use "pci=nocrs" and report a bug
[    5.960692] ACPI: PCI Root Bridge [UNC1] (domain 0000 [bus ff])
[    5.960730] pci 0000:ff:08.0: [8086:2f80] type 0 class 0x000880
[    5.960758] pci 0000:ff:08.2: [8086:2f32] type 0 class 0x001101
[    5.960782] pci 0000:ff:08.3: [8086:2f83] type 0 class 0x000880
[    5.960809] pci 0000:ff:09.0: [8086:2f90] type 0 class 0x000880
[    5.960833] pci 0000:ff:09.2: [8086:2f33] type 0 class 0x001101
[    5.960857] pci 0000:ff:09.3: [8086:2f93] type 0 class 0x000880
[    5.960884] pci 0000:ff:0b.0: [8086:2f81] type 0 class 0x000880
[    5.960906] pci 0000:ff:0b.1: [8086:2f36] type 0 class 0x001101
[    5.960928] pci 0000:ff:0b.2: [8086:2f37] type 0 class 0x001101
[    5.960952] pci 0000:ff:0c.0: [8086:2fe0] type 0 class 0x000880
[    5.960975] pci 0000:ff:0c.1: [8086:2fe1] type 0 class 0x000880
[    5.960998] pci 0000:ff:0c.2: [8086:2fe2] type 0 class 0x000880
[    5.961020] pci 0000:ff:0c.3: [8086:2fe3] type 0 class 0x000880
[    5.961043] pci 0000:ff:0c.4: [8086:2fe4] type 0 class 0x000880
[    5.961065] pci 0000:ff:0c.5: [8086:2fe5] type 0 class 0x000880
[    5.961088] pci 0000:ff:0c.6: [8086:2fe6] type 0 class 0x000880
[    5.961111] pci 0000:ff:0c.7: [8086:2fe7] type 0 class 0x000880
[    5.961134] pci 0000:ff:0d.0: [8086:2fe8] type 0 class 0x000880
[    5.961157] pci 0000:ff:0d.1: [8086:2fe9] type 0 class 0x000880
[    5.961180] pci 0000:ff:0d.2: [8086:2fea] type 0 class 0x000880
[    5.961203] pci 0000:ff:0d.3: [8086:2feb] type 0 class 0x000880
[    5.961228] pci 0000:ff:0f.0: [8086:2ff8] type 0 class 0x000880
[    5.961250] pci 0000:ff:0f.1: [8086:2ff9] type 0 class 0x000880
[    5.961273] pci 0000:ff:0f.2: [8086:2ffa] type 0 class 0x000880
[    5.961296] pci 0000:ff:0f.3: [8086:2ffb] type 0 class 0x000880
[    5.961319] pci 0000:ff:0f.4: [8086:2ffc] type 0 class 0x000880
[    5.961342] pci 0000:ff:0f.5: [8086:2ffd] type 0 class 0x000880
[    5.961365] pci 0000:ff:0f.6: [8086:2ffe] type 0 class 0x000880
[    5.961389] pci 0000:ff:10.0: [8086:2f1d] type 0 class 0x000880
[    5.961411] pci 0000:ff:10.1: [8086:2f34] type 0 class 0x001101
[    5.961436] pci 0000:ff:10.5: [8086:2f1e] type 0 class 0x000880
[    5.961458] pci 0000:ff:10.6: [8086:2f7d] type 0 class 0x001101
[    5.961480] pci 0000:ff:10.7: [8086:2f1f] type 0 class 0x000880
[    5.961502] pci 0000:ff:12.0: [8086:2fa0] type 0 class 0x000880
[    5.961527] pci 0000:ff:12.1: [8086:2f30] type 0 class 0x001101
[    5.961551] pci 0000:ff:12.2: [8086:2f70] type 0 class 0x000880
[    5.961576] pci 0000:ff:12.4: [8086:2f60] type 0 class 0x000880
[    5.961601] pci 0000:ff:12.5: [8086:2f38] type 0 class 0x001101
[    5.961626] pci 0000:ff:12.6: [8086:2f78] type 0 class 0x000880
[    5.961651] pci 0000:ff:13.0: [8086:2fa8] type 0 class 0x000880
[    5.961679] pci 0000:ff:13.1: [8086:2f71] type 0 class 0x000880
[    5.961706] pci 0000:ff:13.2: [8086:2faa] type 0 class 0x000880
[    5.961733] pci 0000:ff:13.3: [8086:2fab] type 0 class 0x000880
[    5.961761] pci 0000:ff:13.6: [8086:2fae] type 0 class 0x000880
[    5.961785] pci 0000:ff:13.7: [8086:2faf] type 0 class 0x000880
[    5.961810] pci 0000:ff:14.0: [8086:2fb0] type 0 class 0x000880
[    5.961837] pci 0000:ff:14.1: [8086:2fb1] type 0 class 0x000880
[    5.961863] pci 0000:ff:14.2: [8086:2fb2] type 0 class 0x000880
[    5.961890] pci 0000:ff:14.3: [8086:2fb3] type 0 class 0x000880
[    5.961917] pci 0000:ff:14.4: [8086:2fbc] type 0 class 0x000880
[    5.961941] pci 0000:ff:14.5: [8086:2fbd] type 0 class 0x000880
[    5.961966] pci 0000:ff:14.6: [8086:2fbe] type 0 class 0x000880
[    5.961990] pci 0000:ff:14.7: [8086:2fbf] type 0 class 0x000880
[    5.962016] pci 0000:ff:16.0: [8086:2f68] type 0 class 0x000880
[    5.962043] pci 0000:ff:16.1: [8086:2f79] type 0 class 0x000880
[    5.962071] pci 0000:ff:16.2: [8086:2f6a] type 0 class 0x000880
[    5.962098] pci 0000:ff:16.3: [8086:2f6b] type 0 class 0x000880
[    5.962127] pci 0000:ff:16.6: [8086:2f6e] type 0 class 0x000880
[    5.962152] pci 0000:ff:16.7: [8086:2f6f] type 0 class 0x000880
[    5.962177] pci 0000:ff:17.0: [8086:2fd0] type 0 class 0x000880
[    5.962205] pci 0000:ff:17.1: [8086:2fd1] type 0 class 0x000880
[    5.962233] pci 0000:ff:17.2: [8086:2fd2] type 0 class 0x000880
[    5.962261] pci 0000:ff:17.3: [8086:2fd3] type 0 class 0x000880
[    5.962288] pci 0000:ff:17.4: [8086:2fb8] type 0 class 0x000880
[    5.962314] pci 0000:ff:17.5: [8086:2fb9] type 0 class 0x000880
[    5.962339] pci 0000:ff:17.6: [8086:2fba] type 0 class 0x000880
[    5.962364] pci 0000:ff:17.7: [8086:2fbb] type 0 class 0x000880
[    5.962397] pci 0000:ff:1e.0: [8086:2f98] type 0 class 0x000880
[    5.962421] pci 0000:ff:1e.1: [8086:2f99] type 0 class 0x000880
[    5.962445] pci 0000:ff:1e.2: [8086:2f9a] type 0 class 0x000880
[    5.962471] pci 0000:ff:1e.3: [8086:2fc0] type 0 class 0x000880
[    5.962475] pci 0000:ff:1e.3: 1M mem BAR treated as 32-bit BAR
[    5.962477] pci 0000:ff:1e.3: reg 10: [mem 0x00000010-0x0000001f pref]
[    5.962498] pci 0000:ff:1e.4: [8086:2f9c] type 0 class 0x000880
[    5.962528] pci 0000:ff:1f.0: [8086:2f88] type 0 class 0x000880
[    5.962554] pci 0000:ff:1f.2: [8086:2f8a] type 0 class 0x000880
[    5.962588] ACPI: PCI Interrupt Routing Table [\_SB_.UNC1._PRT]
[    5.962901]  pci0000:ff: Requesting ACPI _OSC control (0x15)
[    5.963042]  pci0000:ff: ACPI _OSC control (0x15) granted
[    5.964210] ACPI: PCI Root Bridge [UNC0] (domain 0000 [bus 7f])
[    5.964243] pci 0000:7f:08.0: [8086:2f80] type 0 class 0x000880
[    5.964265] pci 0000:7f:08.2: [8086:2f32] type 0 class 0x001101
[    5.964287] pci 0000:7f:08.3: [8086:2f83] type 0 class 0x000880
[    5.964311] pci 0000:7f:09.0: [8086:2f90] type 0 class 0x000880
[    5.964333] pci 0000:7f:09.2: [8086:2f33] type 0 class 0x001101
[    5.964354] pci 0000:7f:09.3: [8086:2f93] type 0 class 0x000880
[    5.964378] pci 0000:7f:0b.0: [8086:2f81] type 0 class 0x000880
[    5.964398] pci 0000:7f:0b.1: [8086:2f36] type 0 class 0x001101
[    5.964417] pci 0000:7f:0b.2: [8086:2f37] type 0 class 0x001101
[    5.964438] pci 0000:7f:0c.0: [8086:2fe0] type 0 class 0x000880
[    5.964459] pci 0000:7f:0c.1: [8086:2fe1] type 0 class 0x000880
[    5.964478] pci 0000:7f:0c.2: [8086:2fe2] type 0 class 0x000880
[    5.964498] pci 0000:7f:0c.3: [8086:2fe3] type 0 class 0x000880
[    5.964517] pci 0000:7f:0c.4: [8086:2fe4] type 0 class 0x000880
[    5.964536] pci 0000:7f:0c.5: [8086:2fe5] type 0 class 0x000880
[    5.964556] pci 0000:7f:0c.6: [8086:2fe6] type 0 class 0x000880
[    5.964575] pci 0000:7f:0c.7: [8086:2fe7] type 0 class 0x000880
[    5.964597] pci 0000:7f:0d.0: [8086:2fe8] type 0 class 0x000880
[    5.964616] pci 0000:7f:0d.1: [8086:2fe9] type 0 class 0x000880
[    5.964636] pci 0000:7f:0d.2: [8086:2fea] type 0 class 0x000880
[    5.964655] pci 0000:7f:0d.3: [8086:2feb] type 0 class 0x000880
[    5.964677] pci 0000:7f:0f.0: [8086:2ff8] type 0 class 0x000880
[    5.964696] pci 0000:7f:0f.1: [8086:2ff9] type 0 class 0x000880
[    5.964715] pci 0000:7f:0f.2: [8086:2ffa] type 0 class 0x000880
[    5.964734] pci 0000:7f:0f.3: [8086:2ffb] type 0 class 0x000880
[    5.964754] pci 0000:7f:0f.4: [8086:2ffc] type 0 class 0x000880
[    5.964774] pci 0000:7f:0f.5: [8086:2ffd] type 0 class 0x000880
[    5.964793] pci 0000:7f:0f.6: [8086:2ffe] type 0 class 0x000880
[    5.964814] pci 0000:7f:10.0: [8086:2f1d] type 0 class 0x000880
[    5.964833] pci 0000:7f:10.1: [8086:2f34] type 0 class 0x001101
[    5.964854] pci 0000:7f:10.5: [8086:2f1e] type 0 class 0x000880
[    5.964873] pci 0000:7f:10.6: [8086:2f7d] type 0 class 0x001101
[    5.964892] pci 0000:7f:10.7: [8086:2f1f] type 0 class 0x000880
[    5.964912] pci 0000:7f:12.0: [8086:2fa0] type 0 class 0x000880
[    5.964933] pci 0000:7f:12.1: [8086:2f30] type 0 class 0x001101
[    5.964954] pci 0000:7f:12.2: [8086:2f70] type 0 class 0x000880
[    5.964976] pci 0000:7f:12.4: [8086:2f60] type 0 class 0x000880
[    5.964998] pci 0000:7f:12.5: [8086:2f38] type 0 class 0x001101
[    5.965019] pci 0000:7f:12.6: [8086:2f78] type 0 class 0x000880
[    5.965042] pci 0000:7f:13.0: [8086:2fa8] type 0 class 0x000880
[    5.965065] pci 0000:7f:13.1: [8086:2f71] type 0 class 0x000880
[    5.965088] pci 0000:7f:13.2: [8086:2faa] type 0 class 0x000880
[    5.965111] pci 0000:7f:13.3: [8086:2fab] type 0 class 0x000880
[    5.965136] pci 0000:7f:13.6: [8086:2fae] type 0 class 0x000880
[    5.965157] pci 0000:7f:13.7: [8086:2faf] type 0 class 0x000880
[    5.965179] pci 0000:7f:14.0: [8086:2fb0] type 0 class 0x000880
[    5.965202] pci 0000:7f:14.1: [8086:2fb1] type 0 class 0x000880
[    5.965225] pci 0000:7f:14.2: [8086:2fb2] type 0 class 0x000880
[    5.965250] pci 0000:7f:14.3: [8086:2fb3] type 0 class 0x000880
[    5.965273] pci 0000:7f:14.4: [8086:2fbc] type 0 class 0x000880
[    5.965294] pci 0000:7f:14.5: [8086:2fbd] type 0 class 0x000880
[    5.965315] pci 0000:7f:14.6: [8086:2fbe] type 0 class 0x000880
[    5.965337] pci 0000:7f:14.7: [8086:2fbf] type 0 class 0x000880
[    5.965359] pci 0000:7f:16.0: [8086:2f68] type 0 class 0x000880
[    5.965382] pci 0000:7f:16.1: [8086:2f79] type 0 class 0x000880
[    5.965406] pci 0000:7f:16.2: [8086:2f6a] type 0 class 0x000880
[    5.965432] pci 0000:7f:16.3: [8086:2f6b] type 0 class 0x000880
[    5.965457] pci 0000:7f:16.6: [8086:2f6e] type 0 class 0x000880
[    5.965478] pci 0000:7f:16.7: [8086:2f6f] type 0 class 0x000880
[    5.965500] pci 0000:7f:17.0: [8086:2fd0] type 0 class 0x000880
[    5.965524] pci 0000:7f:17.1: [8086:2fd1] type 0 class 0x000880
[    5.965548] pci 0000:7f:17.2: [8086:2fd2] type 0 class 0x000880
[    5.965572] pci 0000:7f:17.3: [8086:2fd3] type 0 class 0x000880
[    5.965596] pci 0000:7f:17.4: [8086:2fb8] type 0 class 0x000880
[    5.965618] pci 0000:7f:17.5: [8086:2fb9] type 0 class 0x000880
[    5.965640] pci 0000:7f:17.6: [8086:2fba] type 0 class 0x000880
[    5.965661] pci 0000:7f:17.7: [8086:2fbb] type 0 class 0x000880
[    5.965689] pci 0000:7f:1e.0: [8086:2f98] type 0 class 0x000880
[    5.965710] pci 0000:7f:1e.1: [8086:2f99] type 0 class 0x000880
[    5.965731] pci 0000:7f:1e.2: [8086:2f9a] type 0 class 0x000880
[    5.965752] pci 0000:7f:1e.3: [8086:2fc0] type 0 class 0x000880
[    5.965756] pci 0000:7f:1e.3: 1M mem BAR treated as 32-bit BAR
[    5.965757] pci 0000:7f:1e.3: reg 10: [mem 0x00000010-0x0000001f pref]
[    5.965776] pci 0000:7f:1e.4: [8086:2f9c] type 0 class 0x000880
[    5.965802] pci 0000:7f:1f.0: [8086:2f88] type 0 class 0x000880
[    5.965824] pci 0000:7f:1f.2: [8086:2f8a] type 0 class 0x000880
[    5.965855] ACPI: PCI Interrupt Routing Table [\_SB_.UNC0._PRT]
[    5.966173]  pci0000:7f: Requesting ACPI _OSC control (0x15)
[    5.966323]  pci0000:7f: ACPI _OSC control (0x15) granted
[    6.965642] ACPI: PCI Root Bridge [PCI0] (domain 0000 [bus 00-7e])
[    6.966637] pci_root PNP0A08:00: host bridge window [io  0x0000-0x0cf7]
[    6.966642] pci_root PNP0A08:00: host bridge window [io  0x1000-0x7fff]
[    6.966645] pci_root PNP0A08:00: host bridge window [mem 0x000a0000-0x000bffff]
[    6.966648] pci_root PNP0A08:00: host bridge window [mem 0x000c4000-0x000cbfff]
[    6.966652] pci_root PNP0A08:00: host bridge window [mem 0x90000000-0xc7ffbfff]
[    6.966656] pci_root PNP0A08:00: host bridge window [mem 0x30000000000-0x33fffffffff]
[    6.966676] pci 0000:00:00.0: [8086:2f00] type 0 class 0x000600
[    6.966752] pci 0000:00:01.0: [8086:2f02] type 1 class 0x000604
[    6.966815] pci 0000:00:01.0: PME# supported from D0 D3hot D3cold
[    6.966844] pci 0000:00:02.0: [8086:2f04] type 1 class 0x000604
[    6.966907] pci 0000:00:02.0: PME# supported from D0 D3hot D3cold
[    6.966937] pci 0000:00:02.2: [8086:2f06] type 1 class 0x000604
[    6.966999] pci 0000:00:02.2: PME# supported from D0 D3hot D3cold
[    6.967031] pci 0000:00:03.0: [8086:2f08] type 1 class 0x000604
[    6.967092] pci 0000:00:03.0: PME# supported from D0 D3hot D3cold
[    6.967121] pci 0000:00:03.2: [8086:2f0a] type 1 class 0x000604
[    6.967184] pci 0000:00:03.2: PME# supported from D0 D3hot D3cold
[    6.967214] pci 0000:00:05.0: [8086:2f28] type 0 class 0x000880
[    6.967287] pci 0000:00:05.1: [8086:2f29] type 0 class 0x000880
[    6.967370] pci 0000:00:05.2: [8086:2f2a] type 0 class 0x000880
[    6.967444] pci 0000:00:05.4: [8086:2f2c] type 0 class 0x000800
[    6.967454] pci 0000:00:05.4: reg 10: [mem 0x92104000-0x92104fff]
[    6.967546] pci 0000:00:11.0: [8086:8d7c] type 0 class 0x00ff00
[    6.967690] pci 0000:00:11.4: [8086:8d62] type 0 class 0x000106
[    6.967715] pci 0000:00:11.4: reg 10: [io  0x3078-0x307f]
[    6.967726] pci 0000:00:11.4: reg 14: [io  0x308c-0x308f]
[    6.967737] pci 0000:00:11.4: reg 18: [io  0x3070-0x3077]
[    6.967749] pci 0000:00:11.4: reg 1c: [io  0x3088-0x308b]
[    6.967760] pci 0000:00:11.4: reg 20: [io  0x3040-0x305f]
[    6.967772] pci 0000:00:11.4: reg 24: [mem 0x92101000-0x921017ff]
[    6.967831] pci 0000:00:11.4: PME# supported from D3hot
[    6.967871] pci 0000:00:16.0: [8086:8d3a] type 0 class 0x000780
[    6.967897] pci 0000:00:16.0: reg 10: [mem 0x33ffff03000-0x33ffff0300f 64bit]
[    6.967977] pci 0000:00:16.0: PME# supported from D0 D3hot D3cold
[    6.968005] pci 0000:00:16.1: [8086:8d3b] type 0 class 0x000780
[    6.968030] pci 0000:00:16.1: reg 10: [mem 0x33ffff02000-0x33ffff0200f 64bit]
[    6.968110] pci 0000:00:16.1: PME# supported from D0 D3hot D3cold
[    6.968152] pci 0000:00:1a.0: [8086:8d2d] type 0 class 0x000c03
[    6.968178] pci 0000:00:1a.0: reg 10: [mem 0x92103000-0x921033ff]
[    6.968287] pci 0000:00:1a.0: PME# supported from D0 D3hot D3cold
[    6.968318] pci 0000:00:1c.0: [8086:8d10] type 1 class 0x000604
[    6.968404] pci 0000:00:1c.0: PME# supported from D0 D3hot D3cold
[    6.968442] pci 0000:00:1c.7: [8086:8d1e] type 1 class 0x000604
[    6.968529] pci 0000:00:1c.7: PME# supported from D0 D3hot D3cold
[    6.968565] pci 0000:00:1d.0: [8086:8d26] type 0 class 0x000c03
[    6.968590] pci 0000:00:1d.0: reg 10: [mem 0x92102000-0x921023ff]
[    6.968699] pci 0000:00:1d.0: PME# supported from D0 D3hot D3cold
[    6.968732] pci 0000:00:1f.0: [8086:8d44] type 0 class 0x000601
[    6.968876] pci 0000:00:1f.2: [8086:8d02] type 0 class 0x000106
[    6.968898] pci 0000:00:1f.2: reg 10: [io  0x3068-0x306f]
[    6.968908] pci 0000:00:1f.2: reg 14: [io  0x3084-0x3087]
[    6.968918] pci 0000:00:1f.2: reg 18: [io  0x3060-0x3067]
[    6.968928] pci 0000:00:1f.2: reg 1c: [io  0x3080-0x3083]
[    6.968938] pci 0000:00:1f.2: reg 20: [io  0x3020-0x303f]
[    6.968948] pci 0000:00:1f.2: reg 24: [mem 0x92100000-0x921007ff]
[    6.968998] pci 0000:00:1f.2: PME# supported from D3hot
[    6.969068] pci 0000:02:00.0: [1000:005d] type 0 class 0x000104
[    6.969079] pci 0000:02:00.0: reg 10: [io  0x2000-0x20ff]
[    6.969091] pci 0000:02:00.0: reg 14: [mem 0x92000000-0x9200ffff 64bit]
[    6.969103] pci 0000:02:00.0: reg 1c: [mem 0x91f00000-0x91ffffff 64bit]
[    6.969118] pci 0000:02:00.0: reg 30: [mem 0xfff00000-0xffffffff pref]
[    6.969169] pci 0000:02:00.0: supports D1 D2
[    6.973547] pci 0000:00:01.0: PCI bridge to [bus 02-02]
[    6.973551] pci 0000:00:01.0:   bridge window [io  0x2000-0x2fff]
[    6.973556] pci 0000:00:01.0:   bridge window [mem 0x91f00000-0x920fffff]
[    6.973601] pci 0000:00:02.0: PCI bridge to [bus 03-03]
[    6.973646] pci 0000:00:02.2: PCI bridge to [bus 04-04]
[    6.973710] pci 0000:01:00.0: [8086:1521] type 0 class 0x000200
[    6.973723] pci 0000:01:00.0: reg 10: [mem 0x91d00000-0x91dfffff]
[    6.973749] pci 0000:01:00.0: reg 1c: [mem 0x91e0c000-0x91e0ffff]
[    6.973775] pci 0000:01:00.0: reg 30: [mem 0xfff80000-0xffffffff pref]
[    6.973827] pci 0000:01:00.0: PME# supported from D0 D3hot D3cold
[    6.973868] pci 0000:01:00.0: reg 184: [mem 0x00000000-0x00003fff 64bit pref]
[    6.973886] pci 0000:01:00.0: reg 190: [mem 0x00000000-0x00003fff 64bit pref]
[    6.973920] pci 0000:01:00.1: [8086:1521] type 0 class 0x000200
[    6.973934] pci 0000:01:00.1: reg 10: [mem 0x91c00000-0x91cfffff]
[    6.973959] pci 0000:01:00.1: reg 1c: [mem 0x91e08000-0x91e0bfff]
[    6.973985] pci 0000:01:00.1: reg 30: [mem 0xfff80000-0xffffffff pref]
[    6.974036] pci 0000:01:00.1: PME# supported from D0 D3hot D3cold
[    6.974070] pci 0000:01:00.1: reg 184: [mem 0x00000000-0x00003fff 64bit pref]
[    6.974088] pci 0000:01:00.1: reg 190: [mem 0x00000000-0x00003fff 64bit pref]
[    6.974120] pci 0000:01:00.2: [8086:1521] type 0 class 0x000200
[    6.974134] pci 0000:01:00.2: reg 10: [mem 0x91b00000-0x91bfffff]
[    6.974159] pci 0000:01:00.2: reg 1c: [mem 0x91e04000-0x91e07fff]
[    6.974185] pci 0000:01:00.2: reg 30: [mem 0xfff80000-0xffffffff pref]
[    6.974236] pci 0000:01:00.2: PME# supported from D0 D3hot D3cold
[    6.974270] pci 0000:01:00.2: reg 184: [mem 0x00000000-0x00003fff 64bit pref]
[    6.974288] pci 0000:01:00.2: reg 190: [mem 0x00000000-0x00003fff 64bit pref]
[    6.974320] pci 0000:01:00.3: [8086:1521] type 0 class 0x000200
[    6.974334] pci 0000:01:00.3: reg 10: [mem 0x91a00000-0x91afffff]
[    6.974359] pci 0000:01:00.3: reg 1c: [mem 0x91e00000-0x91e03fff]
[    6.974387] pci 0000:01:00.3: reg 30: [mem 0xfff80000-0xffffffff pref]
[    6.974439] pci 0000:01:00.3: PME# supported from D0 D3hot D3cold
[    6.974474] pci 0000:01:00.3: reg 184: [mem 0x00000000-0x00003fff 64bit pref]
[    6.974491] pci 0000:01:00.3: reg 190: [mem 0x00000000-0x00003fff 64bit pref]
[    6.981531] pci 0000:00:03.0: PCI bridge to [bus 01-01]
[    6.981537] pci 0000:00:03.0:   bridge window [mem 0x91a00000-0x91efffff]
[    6.981581] pci 0000:00:03.2: PCI bridge to [bus 05-05]
[    6.981637] pci 0000:00:1c.0: PCI bridge to [bus 06-06]
[    6.982088] pci 0000:07:00.0: [1912:001d] type 1 class 0x000604
[    6.984676] pci 0000:07:00.0: PME# supported from D0 D3hot D3cold
[    6.989603] pci 0000:00:1c.7: PCI bridge to [bus 07-0b]
[    6.989610] pci 0000:00:1c.7:   bridge window [mem 0x91000000-0x919fffff]
[    6.989618] pci 0000:00:1c.7:   bridge window [mem 0x90000000-0x90ffffff 64bit pref]
[    6.991531] pci 0000:08:00.0: [1912:001d] type 1 class 0x000604
[    6.994567] pci 0000:08:00.0: PME# supported from D0 D3hot D3cold
[    6.996992] pci 0000:07:00.0: PCI bridge to [bus 08-0b]
[    6.997195] pci 0000:07:00.0:   bridge window [mem 0x91000000-0x919fffff]
[    6.997327] pci 0000:07:00.0:   bridge window [mem 0x90000000-0x90ffffff 64bit pref]
[    6.999446] pci 0000:09:00.0: [1912:001a] type 1 class 0x000604
[    7.003549] pci 0000:08:00.0: PCI bridge to [bus 09-0a]
[    7.003782] pci 0000:08:00.0:   bridge window [mem 0x91000000-0x918fffff]
[    7.003938] pci 0000:08:00.0:   bridge window [mem 0x90000000-0x90ffffff 64bit pref]
[    7.005874] pci 0000:0a:00.0: [102b:0534] type 0 class 0x000300
[    7.006395] pci 0000:0a:00.0: reg 10: [mem 0x90000000-0x90ffffff pref]
[    7.006674] pci 0000:0a:00.0: reg 14: [mem 0x91800000-0x91803fff]
[    7.006954] pci 0000:0a:00.0: reg 18: [mem 0x91000000-0x917fffff]
[    7.011284] pci 0000:09:00.0: PCI bridge to [bus 0a-0a]
[    7.011524] pci 0000:09:00.0:   bridge window [mem 0x91000000-0x918fffff]
[    7.011680] pci 0000:09:00.0:   bridge window [mem 0x90000000-0x90ffffff 64bit pref]
[    7.012523] pci_bus 0000:00: on NUMA node 0 (pxm 0)
[    7.012528] ACPI: PCI Interrupt Routing Table [\_SB_.PCI0._PRT]
[    7.021760] ACPI: PCI Interrupt Routing Table [\_SB_.PCI0.BR1A._PRT]
[    7.021831] ACPI: PCI Interrupt Routing Table [\_SB_.PCI0.BR2A._PRT]
[    7.021895] ACPI: PCI Interrupt Routing Table [\_SB_.PCI0.BR2C._PRT]
[    7.021963] ACPI: PCI Interrupt Routing Table [\_SB_.PCI0.BR3A._PRT]
[    7.022137] ACPI: PCI Interrupt Routing Table [\_SB_.PCI0.BR3C._PRT]
[    7.022225] ACPI: PCI Interrupt Routing Table [\_SB_.PCI0.RP08._PRT]
[    7.022518]  pci0000:00: Requesting ACPI _OSC control (0x15)
[    7.022903]  pci0000:00: ACPI _OSC control (0x15) granted
[    7.033374] ACPI: PCI Root Bridge [PCI1] (domain 0000 [bus 80-fe])
[    7.033484] pci_root PNP0A08:01: host bridge window [io  0x8000-0xffff]
[    7.033488] pci_root PNP0A08:01: host bridge window [mem 0xc8000000-0xfbffbfff]
[    7.033492] pci_root PNP0A08:01: host bridge window [mem 0x34000000000-0x37fffffffff]
[    7.033514] pci 0000:80:01.0: [8086:2f02] type 1 class 0x000604
[    7.033585] pci 0000:80:01.0: PME# supported from D0 D3hot D3cold
[    7.033615] pci 0000:80:02.0: [8086:2f04] type 1 class 0x000604
[    7.033682] pci 0000:80:02.0: PME# supported from D0 D3hot D3cold
[    7.033712] pci 0000:80:03.0: [8086:2f08] type 1 class 0x000604
[    7.033779] pci 0000:80:03.0: PME# supported from D0 D3hot D3cold
[    7.033809] pci 0000:80:03.2: [8086:2f0a] type 1 class 0x000604
[    7.033876] pci 0000:80:03.2: PME# supported from D0 D3hot D3cold
[    7.033909] pci 0000:80:05.0: [8086:2f28] type 0 class 0x000880
[    7.033986] pci 0000:80:05.1: [8086:2f29] type 0 class 0x000880
[    7.034075] pci 0000:80:05.2: [8086:2f2a] type 0 class 0x000880
[    7.034152] pci 0000:80:05.4: [8086:2f2c] type 0 class 0x000800
[    7.034163] pci 0000:80:05.4: reg 10: [mem 0xc8000000-0xc8000fff]
[    7.034301] pci 0000:80:01.0: PCI bridge to [bus 81-81]
[    7.034351] pci 0000:80:02.0: PCI bridge to [bus 82-82]
[    7.034407] pci 0000:80:03.0: PCI bridge to [bus 83-83]
[    7.034456] pci 0000:80:03.2: PCI bridge to [bus 84-84]
[    7.034480] pci_bus 0000:80: on NUMA node 1 (pxm 1)
[    7.034485] ACPI: PCI Interrupt Routing Table [\_SB_.PCI1._PRT]
[    7.034662] ACPI: PCI Interrupt Routing Table [\_SB_.PCI1.QR1A._PRT]
[    7.034731] ACPI: PCI Interrupt Routing Table [\_SB_.PCI1.QR2A._PRT]
[    7.034799] ACPI: PCI Interrupt Routing Table [\_SB_.PCI1.QR3A._PRT]
[    7.034867] ACPI: PCI Interrupt Routing Table [\_SB_.PCI1.QR3C._PRT]
[    7.035126]  pci0000:80: Requesting ACPI _OSC control (0x15)
[    7.035496]  pci0000:80: ACPI _OSC control (0x15) granted
[    7.037282] ACPI: PCI Interrupt Link [LNKA] (IRQs 3 4 5 6 7 9 10 11 12 14 15) *0, disabled.
[    7.037374] ACPI: PCI Interrupt Link [LNKB] (IRQs 3 4 5 6 7 9 10 11 12 14 15) *0, disabled.
[    7.037473] ACPI: PCI Interrupt Link [LNKC] (IRQs 3 4 5 6 7 9 10 11 12 14 15) *0, disabled.
[    7.037557] ACPI: PCI Interrupt Link [LNKD] (IRQs 3 4 5 6 7 9 10 11 12 14 15) *0, disabled.
[    7.037640] ACPI: PCI Interrupt Link [LNKE] (IRQs 3 4 5 6 7 9 10 11 12 14 15) *0, disabled.
[    7.037721] ACPI: PCI Interrupt Link [LNKF] (IRQs 3 4 5 6 7 9 10 11 12 14 15) *0, disabled.
[    7.037806] ACPI: PCI Interrupt Link [LNKG] (IRQs 3 4 5 6 7 9 10 11 12 14 15) *0, disabled.
[    7.037887] ACPI: PCI Interrupt Link [LNKH] (IRQs 3 4 5 6 7 9 10 11 12 14 15) *0, disabled.
[    7.038329] vgaarb: device added: PCI:0000:0a:00.0,decodes=io+mem,owns=io+mem,locks=none
[    7.038338] vgaarb: loaded
[    7.038340] vgaarb: bridge control possible 0000:0a:00.0
[    7.038419] PCI: Using ACPI for IRQ routing
[    7.046460] PCI: pci_cache_line_size set to 64 bytes
[    7.047005] pci 0000:ff:1e.3: no compatible bridge window for [mem 0x00000010-0x0000001f pref]
[    7.047114] pci 0000:7f:1e.3: no compatible bridge window for [mem 0x00000010-0x0000001f pref]
[    7.047333] reserve RAM buffer: 00000000728cd000 - 0000000073ffffff 
[    7.047338] reserve RAM buffer: 000000007310a000 - 0000000073ffffff 
[    7.047341] reserve RAM buffer: 00000000732da000 - 0000000073ffffff 
[    7.047344] reserve RAM buffer: 000000007a8cf000 - 000000007bffffff 
[    7.047348] reserve RAM buffer: 000000007b6e9000 - 000000007bffffff 
[    7.047351] reserve RAM buffer: 000000007b700000 - 000000007bffffff 
[    7.047718] hpet0: at MMIO 0xfed00000, IRQs 2, 8, 0, 0, 0, 0, 0, 0
[    7.047727] hpet0: 8 comparators, 64-bit 14.318180 MHz counter
[    7.049883] Switching to clocksource hpet
[    7.054784] pnp: PnP ACPI init
[    7.054810] ACPI: bus type pnp registered
[    7.055017] pnp 00:00: [bus ff]
[    7.055176] pnp 00:00: Plug and Play ACPI device, IDs PNP0a03 (active)
[    7.055239] pnp 00:01: [bus 7f]
[    7.055358] pnp 00:01: Plug and Play ACPI device, IDs PNP0a03 (active)
[    7.056194] pnp 00:02: [bus 00-7e]
[    7.056199] pnp 00:02: [io  0x0cf8-0x0cff]
[    7.056202] pnp 00:02: [io  0x0000-0x0cf7 window]
[    7.056205] pnp 00:02: [io  0x1000-0x7fff window]
[    7.056209] pnp 00:02: [mem 0x000a0000-0x000bffff window]
[    7.056212] pnp 00:02: [mem 0x000c4000-0x000cbfff window]
[    7.056215] pnp 00:02: [mem 0x90000000-0xc7ffbfff window]
[    7.056221] pnp 00:02: [mem 0x30000000000-0x33fffffffff window]
[    7.056352] pnp 00:02: Plug and Play ACPI device, IDs PNP0a08 PNP0a03 (active)
[    7.056372] pnp 00:03: [mem 0xfec00000-0xfecfffff]
[    7.056447] pnp 00:03: Plug and Play ACPI device, IDs PNP0003 (active)
[    7.056801] pnp 00:04: [io  0x0000-0x000f]
[    7.056805] pnp 00:04: [io  0x0081-0x0083]
[    7.056808] pnp 00:04: [io  0x0087]
[    7.056811] pnp 00:04: [io  0x0089-0x008b]
[    7.056814] pnp 00:04: [io  0x008f]
[    7.056817] pnp 00:04: [io  0x00c0-0x00df]
[    7.056821] pnp 00:04: [dma 4]
[    7.056925] pnp 00:04: Plug and Play ACPI device, IDs PNP0200 (active)
[    7.056940] pnp 00:05: [io  0x0070-0x0071]
[    7.056943] pnp 00:05: [io  0x0074-0x0077]
[    7.056958] pnp 00:05: [irq 8]
[    7.057060] pnp 00:05: Plug and Play ACPI device, IDs PNP0b00 (active)
[    7.057077] pnp 00:06: [io  0x00f0]
[    7.057086] pnp 00:06: [irq 13]
[    7.057189] pnp 00:06: Plug and Play ACPI device, IDs PNP0c04 (active)
[    7.057205] pnp 00:07: [io  0x0061]
[    7.057304] pnp 00:07: Plug and Play ACPI device, IDs PNP0800 (active)
[    7.057345] pnp 00:08: [mem 0xfed00000-0xfed003ff]
[    7.057448] pnp 00:08: Plug and Play ACPI device, IDs PNP0103 (active)
[    7.057466] pnp 00:09: [io  0x0500-0x053f]
[    7.057469] pnp 00:09: [io  0x0400-0x047f]
[    7.057472] pnp 00:09: [io  0x0092]
[    7.057475] pnp 00:09: [io  0x0010-0x001f]
[    7.057477] pnp 00:09: [io  0x0072-0x0073]
[    7.057480] pnp 00:09: [io  0x0080]
[    7.057483] pnp 00:09: [io  0x0084-0x0086]
[    7.057487] pnp 00:09: [io  0x0088]
[    7.057490] pnp 00:09: [io  0x008c-0x008e]
[    7.057492] pnp 00:09: [io  0x0090-0x009f]
[    7.057495] pnp 00:09: [io  0x0540-0x057f]
[    7.057498] pnp 00:09: [io  0x0600-0x061f]
[    7.057501] pnp 00:09: [io  0x0ca0-0x0ca5]
[    7.057504] pnp 00:09: [io  0x0880-0x0883]
[    7.057506] pnp 00:09: [io  0x0800-0x081f]
[    7.057509] pnp 00:09: [mem 0xfeda8000-0xfedcbfff]
[    7.057512] pnp 00:09: [mem 0xff000000-0xffffffff]
[    7.057515] pnp 00:09: [mem 0xfee00000-0xfeefffff]
[    7.057517] pnp 00:09: [mem 0xfed12000-0xfed1200f]
[    7.057520] pnp 00:09: [mem 0xfed12010-0xfed1201f]
[    7.057523] pnp 00:09: [mem 0xfed1b000-0xfed1bfff]
[    7.057864] system 00:09: [io  0x0500-0x053f] has been reserved
[    7.057868] system 00:09: [io  0x0400-0x047f] has been reserved
[    7.057872] system 00:09: [io  0x0540-0x057f] has been reserved
[    7.057876] system 00:09: [io  0x0600-0x061f] has been reserved
[    7.057879] system 00:09: [io  0x0ca0-0x0ca5] has been reserved
[    7.057883] system 00:09: [io  0x0880-0x0883] has been reserved
[    7.057886] system 00:09: [io  0x0800-0x081f] has been reserved
[    7.057891] system 00:09: [mem 0xfeda8000-0xfedcbfff] could not be reserved
[    7.057896] system 00:09: [mem 0xff000000-0xffffffff] could not be reserved
[    7.057899] system 00:09: [mem 0xfee00000-0xfeefffff] has been reserved
[    7.057903] system 00:09: [mem 0xfed12000-0xfed1200f] has been reserved
[    7.057907] system 00:09: [mem 0xfed12010-0xfed1201f] has been reserved
[    7.057911] system 00:09: [mem 0xfed1b000-0xfed1bfff] has been reserved
[    7.057915] system 00:09: Plug and Play ACPI device, IDs PNP0c02 (active)
[    7.058172] pnp 00:0a: [io  0x02f8-0x02ff]
[    7.058183] pnp 00:0a: [irq 3]
[    7.058362] pnp 00:0a: Plug and Play ACPI device, IDs PNP0501 (active)
[    7.058591] pnp 00:0b: [io  0x03f8-0x03ff]
[    7.058600] pnp 00:0b: [irq 4]
[    7.058772] pnp 00:0b: Plug and Play ACPI device, IDs PNP0501 (active)
[    7.058800] pnp 00:0c: [io  0x0ca8]
[    7.058804] pnp 00:0c: [io  0x0cac]
[    7.058814] pnp 00:0c: [irq 10]
[    7.059083] system 00:0c: [io  0x0ca8] has been reserved
[    7.059086] system 00:0c: [io  0x0cac] has been reserved
[    7.059091] system 00:0c: Plug and Play ACPI device, IDs IPI0001 PNP0c01 (active)
[    7.059270] pnp 00:0d: [bus 80-fe]
[    7.059274] pnp 00:0d: [mem 0x00000000 window]
[    7.059277] pnp 00:0d: [io  0x8000-0xffff window]
[    7.059280] pnp 00:0d: [io  0x0000 window]
[    7.059283] pnp 00:0d: [io  0x0000 window]
[    7.059286] pnp 00:0d: [mem 0xc8000000-0xfbffbfff window]
[    7.059290] pnp 00:0d: [mem 0x34000000000-0x37fffffffff window]
[    7.059412] pnp 00:0d: Plug and Play ACPI device, IDs PNP0a08 PNP0a03 (active)
[    7.059446] pnp: PnP ACPI: found 14 devices
[    7.059448] ACPI: ACPI bus type pnp unregistered
[    7.067545] pci 0000:01:00.0: no compatible bridge window for [mem 0xfff80000-0xffffffff pref]
[    7.067551] pci 0000:01:00.1: no compatible bridge window for [mem 0xfff80000-0xffffffff pref]
[    7.067556] pci 0000:01:00.2: no compatible bridge window for [mem 0xfff80000-0xffffffff pref]
[    7.067560] pci 0000:01:00.3: no compatible bridge window for [mem 0xfff80000-0xffffffff pref]
[    7.067564] pci 0000:02:00.0: no compatible bridge window for [mem 0xfff00000-0xffffffff pref]
[    7.067699] PCI: max bus depth: 4 pci_try_num: 5
[    7.068523] pci 0000:ff:1e.3: BAR 0: can't assign mem pref (size 0x10)
[    7.068526] pci 0000:ff:1e.3: BAR 0: trying firmware assignment [mem 0x00000010-0x0000001f pref]
[    7.068531] pci 0000:ff:1e.3: BAR 0: [mem 0x00000010-0x0000001f pref] conflicts with reserved [mem 0x00000000-0x0000ffff]
[    7.068549] pci 0000:7f:1e.3: BAR 0: can't assign mem pref (size 0x10)
[    7.068552] pci 0000:7f:1e.3: BAR 0: trying firmware assignment [mem 0x00000010-0x0000001f pref]
[    7.068556] pci 0000:7f:1e.3: BAR 0: [mem 0x00000010-0x0000001f pref] conflicts with reserved [mem 0x00000000-0x0000ffff]
[    7.068572] pci 0000:00:01.0: BAR 15: assigned [mem 0x92200000-0x922fffff pref]
[    7.068577] pci 0000:00:03.0: BAR 15: assigned [mem 0x92300000-0x924fffff pref]
[    7.068583] pci 0000:00:03.0: BAR 15: reassigned [mem 0x92300000-0x925fffff pref]
[    7.068588] pci 0000:02:00.0: BAR 6: assigned [mem 0x92200000-0x922fffff pref]
[    7.068592] pci 0000:00:01.0: PCI bridge to [bus 02-02]
[    7.068596] pci 0000:00:01.0:   bridge window [io  0x2000-0x2fff]
[    7.068601] pci 0000:00:01.0:   bridge window [mem 0x91f00000-0x920fffff]
[    7.068606] pci 0000:00:01.0:   bridge window [mem 0x92200000-0x922fffff pref]
[    7.068612] pci 0000:00:02.0: PCI bridge to [bus 03-03]
[    7.068622] pci 0000:00:02.2: PCI bridge to [bus 04-04]
[    7.068643] pci 0000:01:00.0: reg 184: [mem 0x00000000-0x00003fff 64bit pref]
[    7.068655] pci 0000:01:00.0: reg 190: [mem 0x00000000-0x00003fff 64bit pref]
[    7.068666] pci 0000:01:00.0: reg 184: [mem 0x00000000-0x00003fff 64bit pref]
[    7.068679] pci 0000:01:00.0: reg 184: [mem 0x00000000-0x00003fff 64bit pref]
[    7.068690] pci 0000:01:00.1: reg 184: [mem 0x00000000-0x00003fff 64bit pref]
[    7.068702] pci 0000:01:00.0: reg 184: [mem 0x00000000-0x00003fff 64bit pref]
[    7.068713] pci 0000:01:00.0: reg 190: [mem 0x00000000-0x00003fff 64bit pref]
[    7.068725] pci 0000:01:00.1: reg 190: [mem 0x00000000-0x00003fff 64bit pref]
[    7.068737] pci 0000:01:00.0: reg 184: [mem 0x00000000-0x00003fff 64bit pref]
[    7.068748] pci 0000:01:00.0: reg 190: [mem 0x00000000-0x00003fff 64bit pref]
[    7.068760] pci 0000:01:00.1: reg 184: [mem 0x00000000-0x00003fff 64bit pref]
[    7.068772] pci 0000:01:00.0: reg 184: [mem 0x00000000-0x00003fff 64bit pref]
[    7.068783] pci 0000:01:00.2: reg 184: [mem 0x00000000-0x00003fff 64bit pref]
[    7.068795] pci 0000:01:00.0: reg 184: [mem 0x00000000-0x00003fff 64bit pref]
[    7.068807] pci 0000:01:00.0: reg 190: [mem 0x00000000-0x00003fff 64bit pref]
[    7.068818] pci 0000:01:00.1: reg 184: [mem 0x00000000-0x00003fff 64bit pref]
[    7.068829] pci 0000:01:00.1: reg 190: [mem 0x00000000-0x00003fff 64bit pref]
[    7.068841] pci 0000:01:00.2: reg 190: [mem 0x00000000-0x00003fff 64bit pref]
[    7.068853] pci 0000:01:00.0: reg 184: [mem 0x00000000-0x00003fff 64bit pref]
[    7.068864] pci 0000:01:00.0: reg 190: [mem 0x00000000-0x00003fff 64bit pref]
[    7.068876] pci 0000:01:00.1: reg 184: [mem 0x00000000-0x00003fff 64bit pref]
[    7.068887] pci 0000:01:00.1: reg 190: [mem 0x00000000-0x00003fff 64bit pref]
[    7.068899] pci 0000:01:00.2: reg 184: [mem 0x00000000-0x00003fff 64bit pref]
[    7.068911] pci 0000:01:00.0: reg 184: [mem 0x00000000-0x00003fff 64bit pref]
[    7.068922] pci 0000:01:00.3: reg 184: [mem 0x00000000-0x00003fff 64bit pref]
[    7.068934] pci 0000:01:00.0: reg 184: [mem 0x00000000-0x00003fff 64bit pref]
[    7.068946] pci 0000:01:00.0: reg 190: [mem 0x00000000-0x00003fff 64bit pref]
[    7.068957] pci 0000:01:00.1: reg 184: [mem 0x00000000-0x00003fff 64bit pref]
[    7.068968] pci 0000:01:00.1: reg 190: [mem 0x00000000-0x00003fff 64bit pref]
[    7.068980] pci 0000:01:00.2: reg 184: [mem 0x00000000-0x00003fff 64bit pref]
[    7.068991] pci 0000:01:00.2: reg 190: [mem 0x00000000-0x00003fff 64bit pref]
[    7.069003] pci 0000:01:00.3: reg 190: [mem 0x00000000-0x00003fff 64bit pref]
[    7.069015] pci 0000:01:00.0: reg 184: [mem 0x00000000-0x00003fff 64bit pref]
[    7.069026] pci 0000:01:00.0: reg 190: [mem 0x00000000-0x00003fff 64bit pref]
[    7.069038] pci 0000:01:00.1: reg 184: [mem 0x00000000-0x00003fff 64bit pref]
[    7.069049] pci 0000:01:00.1: reg 190: [mem 0x00000000-0x00003fff 64bit pref]
[    7.069061] pci 0000:01:00.2: reg 184: [mem 0x00000000-0x00003fff 64bit pref]
[    7.069072] pci 0000:01:00.2: reg 190: [mem 0x00000000-0x00003fff 64bit pref]
[    7.069084] pci 0000:01:00.3: reg 184: [mem 0x00000000-0x00003fff 64bit pref]
[    7.069087] pci 0000:01:00.0: BAR 6: assigned [mem 0x92300000-0x9237ffff pref]
[    7.069091] pci 0000:01:00.1: BAR 6: assigned [mem 0x92380000-0x923fffff pref]
[    7.069095] pci 0000:01:00.2: BAR 6: assigned [mem 0x92400000-0x9247ffff pref]
[    7.069098] pci 0000:01:00.3: BAR 6: assigned [mem 0x92480000-0x924fffff pref]
[    7.069110] pci 0000:01:00.3: reg 190: [mem 0x00000000-0x00003fff 64bit pref]
[    7.069114] pci 0000:01:00.3: BAR 10: assigned [mem 0x92500000-0x9251ffff 64bit pref]
[    7.069129] pci 0000:01:00.3: reg 184: [mem 0x00000000-0x00003fff 64bit pref]
[    7.069132] pci 0000:01:00.3: BAR 7: assigned [mem 0x92520000-0x9253ffff 64bit pref]
[    7.069147] pci 0000:01:00.2: reg 190: [mem 0x00000000-0x00003fff 64bit pref]
[    7.069151] pci 0000:01:00.2: BAR 10: assigned [mem 0x92540000-0x9255ffff 64bit pref]
[    7.069165] pci 0000:01:00.2: reg 184: [mem 0x00000000-0x00003fff 64bit pref]
[    7.069169] pci 0000:01:00.2: BAR 7: assigned [mem 0x92560000-0x9257ffff 64bit pref]
[    7.069184] pci 0000:01:00.1: reg 190: [mem 0x00000000-0x00003fff 64bit pref]
[    7.069187] pci 0000:01:00.1: BAR 10: assigned [mem 0x92580000-0x9259ffff 64bit pref]
[    7.069201] pci 0000:01:00.1: reg 184: [mem 0x00000000-0x00003fff 64bit pref]
[    7.069205] pci 0000:01:00.1: BAR 7: assigned [mem 0x925a0000-0x925bffff 64bit pref]
[    7.069220] pci 0000:01:00.0: reg 190: [mem 0x00000000-0x00003fff 64bit pref]
[    7.069223] pci 0000:01:00.0: BAR 10: assigned [mem 0x925c0000-0x925dffff 64bit pref]
[    7.069238] pci 0000:01:00.0: reg 184: [mem 0x00000000-0x00003fff 64bit pref]
[    7.069241] pci 0000:01:00.0: BAR 7: assigned [mem 0x925e0000-0x925fffff 64bit pref]
[    7.069248] pci 0000:00:03.0: PCI bridge to [bus 01-01]
[    7.069253] pci 0000:00:03.0:   bridge window [mem 0x91a00000-0x91efffff]
[    7.069258] pci 0000:00:03.0:   bridge window [mem 0x92300000-0x925fffff pref]
[    7.069264] pci 0000:00:03.2: PCI bridge to [bus 05-05]
[    7.069274] pci 0000:00:1c.0: PCI bridge to [bus 06-06]
[    7.069288] pci 0000:09:00.0: PCI bridge to [bus 0a-0a]
[    7.069437] pci 0000:09:00.0:   bridge window [mem 0x91000000-0x918fffff]
[    7.069536] pci 0000:09:00.0:   bridge window [mem 0x90000000-0x90ffffff 64bit pref]
[    7.069745] pci 0000:08:00.0: PCI bridge to [bus 09-0a]
[    7.069896] pci 0000:08:00.0:   bridge window [mem 0x91000000-0x918fffff]
[    7.069994] pci 0000:08:00.0:   bridge window [mem 0x90000000-0x90ffffff 64bit pref]
[    7.070198] pci 0000:07:00.0: PCI bridge to [bus 08-0b]
[    7.070331] pci 0000:07:00.0:   bridge window [mem 0x91000000-0x919fffff]
[    7.070418] pci 0000:07:00.0:   bridge window [mem 0x90000000-0x90ffffff 64bit pref]
[    7.070642] pci 0000:00:1c.7: PCI bridge to [bus 07-0b]
[    7.070648] pci 0000:00:1c.7:   bridge window [mem 0x91000000-0x919fffff]
